Device : cuda
GPU    : NVIDIA GeForce RTX 5080
======================================================================
FULL 5-SEED SWEEP  --  BiGRU+GRU
  100 cells x 5 seeds [10, 20, 30, 40, 50] = 500 runs
  output: BiGRU+GRU_5_seed_variance_results/
======================================================================

[1/4] Preparing data cache ...
  cache hit: cache\sweep_data

[2/4] Preflight skipped (--preflight to enable)

[3/4] Launching 5 workers, one per seed ...

Device : cuda
GPU    : NVIDIA GeForce RTX 5080
[seed 40]   1/100       ReLU+ReLU      acc= 87.86  ETA  76.8m
Device : cuda
GPU    : NVIDIA GeForce RTX 5080
[seed 50]   1/100       ReLU+ReLU      acc= 87.66  ETA  76.8m
Device : cuda
GPU    : NVIDIA GeForce RTX 5080
[seed 10]   1/100       ReLU+ReLU      acc= 87.09  ETA  76.8m
Device : cuda
GPU    : NVIDIA GeForce RTX 5080
[seed 20]   1/100       ReLU+ReLU      acc= 87.26  ETA  76.8m
Device : cuda
GPU    : NVIDIA GeForce RTX 5080
[seed 30]   1/100       ReLU+ReLU      acc= 87.57  ETA  88.9m
[seed 40]   2/100       ReLU+ELU       acc= 87.90  ETA  74.7m
[seed 20]   2/100       ReLU+ELU       acc= 86.79  ETA  74.7m
[seed 10]   2/100       ReLU+ELU       acc= 86.45  ETA  74.7m
[seed 50]   2/100       ReLU+ELU       acc= 87.55  ETA  74.7m
[seed 30]   2/100       ReLU+ELU       acc= 87.92  ETA  86.9m
[seed 40]   3/100       ReLU+LeakyReLU acc= 87.82  ETA  73.4m
[seed 50]   3/100       ReLU+LeakyReLU acc= 87.52  ETA  73.5m
[seed 20]   3/100       ReLU+LeakyReLU acc= 87.92  ETA  73.5m
[seed 10]   3/100       ReLU+LeakyReLU acc= 87.93  ETA  77.5m
[seed 30]   3/100       ReLU+LeakyReLU acc= 87.84  ETA  85.5m
[seed 40]   4/100       ReLU+Tanh      acc= 87.44  ETA  72.4m
[seed 50]   4/100       ReLU+Tanh      acc= 87.59  ETA  72.5m
[seed 20]   4/100       ReLU+Tanh      acc= 87.31  ETA  75.4m
[seed 10]   4/100       ReLU+Tanh      acc= 87.79  ETA  78.4m
[seed 30]   4/100       ReLU+Tanh      acc= 87.88  ETA  81.3m
[seed 40]   5/100       ReLU+GELU      acc= 87.80  ETA  71.5m
[seed 50]   5/100       ReLU+GELU      acc= 87.48  ETA  71.6m
[seed 20]   5/100       ReLU+GELU      acc= 87.61  ETA  73.9m
[seed 10]   5/100       ReLU+GELU      acc= 87.52  ETA  78.6m
[seed 30]   5/100       ReLU+GELU      acc= 87.94  ETA  78.6m
[seed 50]   6/100       ReLU+SiLU      acc= 87.44  ETA  70.8m
[seed 40]   6/100       ReLU+SiLU      acc= 87.53  ETA  72.6m
[seed 20]   6/100       ReLU+SiLU      acc= 87.61  ETA  72.7m
[seed 10]   6/100       ReLU+SiLU      acc= 86.33  ETA  76.5m
[seed 30]   6/100       ReLU+SiLU      acc= 87.61  ETA  76.5m
[seed 50]   7/100       ReLU+Mish      acc= 87.58  ETA  70.0m
[seed 40]   7/100       ReLU+Mish      acc= 87.56  ETA  73.2m
[seed 20]   7/100       ReLU+Mish      acc= 87.96  ETA  73.3m
[seed 10]   7/100       ReLU+Mish      acc= 86.17  ETA  74.9m
[seed 30]   7/100       ReLU+Mish      acc= 87.67  ETA  74.9m
[seed 50]   8/100       ReLU+SELU      acc= 87.32  ETA  70.6m
[seed 20]   8/100       ReLU+SELU      acc= 87.47  ETA  72.0m
[seed 40]   8/100       ReLU+SELU      acc= 87.65  ETA  73.3m
[seed 30]   8/100       ReLU+SELU      acc= 85.82  ETA  73.4m
[seed 10]   8/100       ReLU+SELU      acc= 87.67  ETA  74.9m
[seed 50]   9/100       ReLU+PReLU     acc= 87.13  ETA  69.7m
[seed 30]   9/100       ReLU+PReLU     acc= 87.13  ETA  72.2m
[seed 20]   9/100       ReLU+PReLU     acc= 87.23  ETA  72.2m
[seed 40]   9/100       ReLU+PReLU     acc= 87.57  ETA  73.3m
[seed 10]   9/100       ReLU+PReLU     acc= 87.49  ETA  74.6m
[seed 50]  10/100       ReLU+Hardswish acc= 87.50  ETA  68.7m
[seed 30]  10/100       ReLU+Hardswish acc= 87.90  ETA  71.0m
[seed 20]  10/100       ReLU+Hardswish acc= 87.59  ETA  71.0m
[seed 40]  10/100       ReLU+Hardswish acc= 87.59  ETA  71.9m
[seed 10]  10/100       ReLU+Hardswish acc= 86.81  ETA  73.2m
[seed 50]  11/100        ELU+ReLU      acc= 87.36  ETA  67.8m
[seed 20]  11/100        ELU+ReLU      acc= 87.59  ETA  69.9m
[seed 30]  11/100        ELU+ReLU      acc= 86.84  ETA  70.8m
[seed 40]  11/100        ELU+ReLU      acc= 87.98  ETA  71.7m
[seed 10]  11/100        ELU+ReLU      acc= 86.32  ETA  71.8m
[seed 50]  12/100        ELU+ELU       acc= 87.58  ETA  67.0m
[seed 20]  12/100        ELU+ELU       acc= 87.59  ETA  68.8m
[seed 40]  12/100        ELU+ELU       acc= 87.93  ETA  70.4m
[seed 30]  12/100        ELU+ELU       acc= 87.54  ETA  70.6m
[seed 10]  12/100        ELU+ELU       acc= 86.66  ETA  70.6m
[seed 50]  13/100        ELU+LeakyReLU acc= 87.56  ETA  66.1m
[seed 20]  13/100        ELU+LeakyReLU acc= 87.38  ETA  67.8m
[seed 10]  13/100        ELU+LeakyReLU acc= 86.55  ETA  69.5m
[seed 30]  13/100        ELU+LeakyReLU acc= 86.81  ETA  69.5m
[seed 40]  13/100        ELU+LeakyReLU acc= 87.75  ETA  70.1m
[seed 50]  14/100        ELU+Tanh      acc= 87.62  ETA  65.3m
[seed 20]  14/100        ELU+Tanh      acc= 87.14  ETA  66.9m
[seed 10]  14/100        ELU+Tanh      acc= 87.39  ETA  68.4m
[seed 30]  14/100        ELU+Tanh      acc= 87.26  ETA  68.4m
[seed 40]  14/100        ELU+Tanh      acc= 87.73  ETA  68.9m
[seed 50]  15/100        ELU+GELU      acc= 87.75  ETA  64.5m
[seed 20]  15/100        ELU+GELU      acc= 87.68  ETA  65.9m
[seed 30]  15/100        ELU+GELU      acc= 86.64  ETA  67.3m
[seed 40]  15/100        ELU+GELU      acc= 87.76  ETA  67.8m
[seed 10]  15/100        ELU+GELU      acc= 87.76  ETA  68.0m
[seed 50]  16/100        ELU+SiLU      acc= 87.58  ETA  63.7m
[seed 20]  16/100        ELU+SiLU      acc= 87.65  ETA  65.0m
[seed 30]  16/100        ELU+SiLU      acc= 87.45  ETA  66.3m
[seed 40]  16/100        ELU+SiLU      acc= 88.07  ETA  66.8m
[seed 10]  16/100        ELU+SiLU      acc= 87.38  ETA  67.6m
[seed 50]  17/100        ELU+Mish      acc= 87.37  ETA  62.9m
[seed 20]  17/100        ELU+Mish      acc= 87.77  ETA  64.1m
[seed 40]  17/100        ELU+Mish      acc= 87.69  ETA  65.8m
[seed 30]  17/100        ELU+Mish      acc= 87.50  ETA  65.9m
[seed 10]  17/100        ELU+Mish      acc= 87.68  ETA  67.1m
[seed 50]  18/100        ELU+SELU      acc= 87.25  ETA  63.2m
[seed 20]  18/100        ELU+SELU      acc= 87.07  ETA  63.3m
[seed 40]  18/100        ELU+SELU      acc= 87.38  ETA  64.8m
[seed 30]  18/100        ELU+SELU      acc= 86.70  ETA  64.9m
[seed 10]  18/100        ELU+SELU      acc= 87.60  ETA  66.6m
[seed 50]  19/100        ELU+PReLU     acc= 87.50  ETA  62.4m
[seed 20]  19/100        ELU+PReLU     acc= 87.87  ETA  62.9m
[seed 30]  19/100        ELU+PReLU     acc= 86.96  ETA  63.4m
[seed 40]  19/100        ELU+PReLU     acc= 87.68  ETA  63.8m
[seed 50]  20/100        ELU+Hardswish acc= 87.79  ETA  61.5m
[seed 10]  19/100        ELU+PReLU     acc= 87.96  ETA  66.1m
[seed 30]  20/100        ELU+Hardswish acc= 86.75  ETA  62.0m
[seed 20]  20/100        ELU+Hardswish acc= 87.73  ETA  62.0m
[seed 40]  20/100        ELU+Hardswish acc= 88.00  ETA  62.8m
[seed 50]  21/100  LeakyReLU+ReLU      acc= 87.30  ETA  60.7m
[seed 20]  21/100  LeakyReLU+ReLU      acc= 87.69  ETA  61.2m
[seed 10]  20/100        ELU+Hardswish acc= 87.28  ETA  65.5m
[seed 30]  21/100  LeakyReLU+ReLU      acc= 87.89  ETA  61.6m
[seed 40]  21/100  LeakyReLU+ReLU      acc= 87.31  ETA  62.4m
[seed 50]  22/100  LeakyReLU+ELU       acc= 87.20  ETA  59.8m
[seed 20]  22/100  LeakyReLU+ELU       acc= 86.92  ETA  60.3m
[seed 10]  21/100  LeakyReLU+ReLU      acc= 87.61  ETA  64.8m
[seed 30]  22/100  LeakyReLU+ELU       acc= 87.74  ETA  61.2m
[seed 40]  22/100  LeakyReLU+ELU       acc= 87.98  ETA  61.9m
[seed 50]  23/100  LeakyReLU+LeakyReLU acc= 87.77  ETA  59.0m
[seed 20]  23/100  LeakyReLU+LeakyReLU acc= 87.40  ETA  59.8m
[seed 10]  22/100  LeakyReLU+ELU       acc= 87.51  ETA  64.2m
[seed 30]  23/100  LeakyReLU+LeakyReLU acc= 87.88  ETA  60.7m
[seed 40]  23/100  LeakyReLU+LeakyReLU acc= 87.79  ETA  60.9m
[seed 50]  24/100  LeakyReLU+Tanh      acc= 87.45  ETA  58.2m
[seed 20]  24/100  LeakyReLU+Tanh      acc= 87.13  ETA  59.0m
[seed 10]  23/100  LeakyReLU+LeakyReLU acc= 86.18  ETA  63.1m
[seed 40]  24/100  LeakyReLU+Tanh      acc= 87.46  ETA  60.0m
[seed 30]  24/100  LeakyReLU+Tanh      acc= 88.20  ETA  60.1m
[seed 50]  25/100  LeakyReLU+GELU      acc= 87.72  ETA  57.3m
[seed 20]  25/100  LeakyReLU+GELU      acc= 87.29  ETA  58.1m
[seed 10]  24/100  LeakyReLU+Tanh      acc= 86.70  ETA  62.1m
[seed 40]  25/100  LeakyReLU+GELU      acc= 87.40  ETA  59.1m
[seed 30]  25/100  LeakyReLU+GELU      acc= 88.03  ETA  59.2m
[seed 50]  26/100  LeakyReLU+SiLU      acc= 87.81  ETA  56.5m
[seed 20]  26/100  LeakyReLU+SiLU      acc= 87.34  ETA  57.3m
[seed 10]  25/100  LeakyReLU+GELU      acc= 87.56  ETA  61.4m
[seed 40]  26/100  LeakyReLU+SiLU      acc= 88.11  ETA  58.5m
[seed 30]  26/100  LeakyReLU+SiLU      acc= 87.72  ETA  58.7m
[seed 50]  27/100  LeakyReLU+Mish      acc= 87.62  ETA  55.7m
[seed 20]  27/100  LeakyReLU+Mish      acc= 87.55  ETA  56.4m
[seed 10]  26/100  LeakyReLU+SiLU      acc= 87.03  ETA  60.4m
[seed 40]  27/100  LeakyReLU+Mish      acc= 87.50  ETA  57.6m
[seed 30]  27/100  LeakyReLU+Mish      acc= 87.14  ETA  57.7m
[seed 50]  28/100  LeakyReLU+SELU      acc= 87.12  ETA  54.9m
[seed 20]  28/100  LeakyReLU+SELU      acc= 87.18  ETA  55.6m
[seed 10]  27/100  LeakyReLU+Mish      acc= 87.56  ETA  59.7m
[seed 30]  28/100  LeakyReLU+SELU      acc= 87.09  ETA  56.9m
[seed 50]  29/100  LeakyReLU+PReLU     acc= 87.43  ETA  54.1m
[seed 40]  28/100  LeakyReLU+SELU      acc= 88.08  ETA  57.0m
[seed 20]  29/100  LeakyReLU+PReLU     acc= 87.69  ETA  54.8m
[seed 10]  28/100  LeakyReLU+SELU      acc= 86.93  ETA  58.7m
[seed 50]  30/100  LeakyReLU+Hardswish acc= 87.53  ETA  53.3m
[seed 40]  29/100  LeakyReLU+PReLU     acc= 87.76  ETA  56.1m
[seed 30]  29/100  LeakyReLU+PReLU     acc= 86.88  ETA  56.3m
[seed 20]  30/100  LeakyReLU+Hardswish acc= 87.58  ETA  53.9m
[seed 50]  31/100       Tanh+ReLU      acc= 87.09  ETA  52.6m
[seed 40]  30/100  LeakyReLU+Hardswish acc= 87.64  ETA  55.2m
[seed 10]  29/100  LeakyReLU+PReLU     acc= 87.53  ETA  58.1m
[seed 30]  30/100  LeakyReLU+Hardswish acc= 87.47  ETA  55.7m
[seed 20]  31/100       Tanh+ReLU      acc= 87.36  ETA  53.1m
[seed 50]  32/100       Tanh+ELU       acc= 87.16  ETA  51.8m
[seed 40]  31/100       Tanh+ReLU      acc= 87.53  ETA  54.3m
[seed 10]  30/100  LeakyReLU+Hardswish acc= 87.31  ETA  57.4m
[seed 30]  31/100       Tanh+ReLU      acc= 86.25  ETA  54.8m
[seed 20]  32/100       Tanh+ELU       acc= 87.35  ETA  52.3m
[seed 50]  33/100       Tanh+LeakyReLU acc= 87.87  ETA  51.0m
[seed 40]  32/100       Tanh+ELU       acc= 87.45  ETA  53.5m
[seed 20]  33/100       Tanh+LeakyReLU acc= 87.74  ETA  51.5m
[seed 10]  31/100       Tanh+ReLU      acc= 87.35  ETA  56.6m
[seed 30]  32/100       Tanh+ELU       acc= 87.28  ETA  54.1m
[seed 50]  34/100       Tanh+Tanh      acc= 87.34  ETA  50.2m
[seed 40]  33/100       Tanh+LeakyReLU acc= 87.13  ETA  52.6m
[seed 20]  34/100       Tanh+Tanh      acc= 86.95  ETA  50.7m
[seed 10]  32/100       Tanh+ELU       acc= 87.53  ETA  55.9m
[seed 30]  33/100       Tanh+LeakyReLU acc= 87.85  ETA  53.5m
[seed 50]  35/100       Tanh+GELU      acc= 87.42  ETA  49.4m
[seed 40]  34/100       Tanh+Tanh      acc= 87.53  ETA  51.7m
[seed 20]  35/100       Tanh+GELU      acc= 87.67  ETA  49.9m
[seed 30]  34/100       Tanh+Tanh      acc= 86.91  ETA  52.6m
[seed 10]  33/100       Tanh+LeakyReLU acc= 87.56  ETA  55.2m
[seed 50]  36/100       Tanh+SiLU      acc= 87.78  ETA  48.6m
[seed 40]  35/100       Tanh+GELU      acc= 87.90  ETA  50.9m
[seed 20]  36/100       Tanh+SiLU      acc= 87.37  ETA  49.1m
[seed 30]  35/100       Tanh+GELU      acc= 88.10  ETA  51.9m
[seed 10]  34/100       Tanh+Tanh      acc= 87.02  ETA  54.5m
[seed 50]  37/100       Tanh+Mish      acc= 87.54  ETA  47.8m
[seed 40]  36/100       Tanh+SiLU      acc= 87.65  ETA  50.0m
[seed 20]  37/100       Tanh+Mish      acc= 87.44  ETA  48.3m
[seed 30]  36/100       Tanh+SiLU      acc= 87.22  ETA  51.0m
[seed 50]  38/100       Tanh+SELU      acc= 87.12  ETA  47.1m
[seed 40]  37/100       Tanh+Mish      acc= 87.81  ETA  49.2m
[seed 10]  35/100       Tanh+GELU      acc= 87.47  ETA  53.7m
[seed 20]  38/100       Tanh+SELU      acc= 87.49  ETA  47.5m
[seed 30]  37/100       Tanh+Mish      acc= 86.89  ETA  50.2m
[seed 50]  39/100       Tanh+PReLU     acc= 87.47  ETA  46.3m
[seed 40]  38/100       Tanh+SELU      acc= 87.39  ETA  48.4m
[seed 10]  36/100       Tanh+SiLU      acc= 86.64  ETA  52.8m
[seed 20]  39/100       Tanh+PReLU     acc= 87.12  ETA  46.7m
[seed 30]  38/100       Tanh+SELU      acc= 87.17  ETA  49.5m
[seed 50]  40/100       Tanh+Hardswish acc= 87.43  ETA  45.5m
[seed 40]  39/100       Tanh+PReLU     acc= 87.56  ETA  47.7m
[seed 10]  37/100       Tanh+Mish      acc= 87.58  ETA  52.0m
[seed 20]  40/100       Tanh+Hardswish acc= 87.70  ETA  45.9m
[seed 50]  41/100       GELU+ReLU      acc= 87.55  ETA  44.7m
[seed 30]  39/100       Tanh+PReLU     acc= 87.06  ETA  48.8m
[seed 40]  40/100       Tanh+Hardswish acc= 87.84  ETA  46.9m
[seed 20]  41/100       GELU+ReLU      acc= 87.44  ETA  45.1m
[seed 10]  38/100       Tanh+SELU      acc= 86.86  ETA  51.3m
[seed 50]  42/100       GELU+ELU       acc= 87.15  ETA  44.0m
[seed 30]  40/100       Tanh+Hardswish acc= 87.02  ETA  47.9m
[seed 40]  41/100       GELU+ReLU      acc= 87.42  ETA  46.1m
[seed 20]  42/100       GELU+ELU       acc= 87.46  ETA  44.3m
[seed 10]  39/100       Tanh+PReLU     acc= 87.42  ETA  50.7m
[seed 50]  43/100       GELU+LeakyReLU acc= 87.66  ETA  43.2m
[seed 30]  41/100       GELU+ReLU      acc= 87.06  ETA  47.0m
[seed 40]  42/100       GELU+ELU       acc= 88.09  ETA  45.2m
[seed 20]  43/100       GELU+LeakyReLU acc= 87.12  ETA  43.5m
[seed 10]  40/100       Tanh+Hardswish acc= 87.52  ETA  49.9m
[seed 50]  44/100       GELU+Tanh      acc= 87.59  ETA  42.4m
[seed 30]  42/100       GELU+ELU       acc= 87.35  ETA  46.2m
[seed 40]  43/100       GELU+LeakyReLU acc= 87.73  ETA  44.4m
[seed 20]  44/100       GELU+Tanh      acc= 87.26  ETA  42.8m
[seed 50]  45/100       GELU+GELU      acc= 87.78  ETA  41.7m
[seed 10]  41/100       GELU+ReLU      acc= 87.44  ETA  49.2m
[seed 40]  44/100       GELU+Tanh      acc= 87.69  ETA  43.6m
[seed 30]  43/100       GELU+LeakyReLU acc= 87.91  ETA  45.5m
[seed 20]  45/100       GELU+GELU      acc= 87.76  ETA  42.0m
[seed 50]  46/100       GELU+SiLU      acc= 87.58  ETA  40.9m
[seed 40]  45/100       GELU+GELU      acc= 87.96  ETA  42.8m
[seed 10]  42/100       GELU+ELU       acc= 87.45  ETA  48.4m
[seed 20]  46/100       GELU+SiLU      acc= 87.60  ETA  41.2m
[seed 30]  44/100       GELU+Tanh      acc= 88.01  ETA  44.8m
[seed 50]  47/100       GELU+Mish      acc= 87.89  ETA  40.1m
[seed 40]  46/100       GELU+SiLU      acc= 87.33  ETA  42.0m
[seed 10]  43/100       GELU+LeakyReLU acc= 86.57  ETA  47.4m
[seed 20]  47/100       GELU+Mish      acc= 87.26  ETA  40.4m
[seed 30]  45/100       GELU+GELU      acc= 87.38  ETA  44.1m
[seed 50]  48/100       GELU+SELU      acc= 87.88  ETA  39.4m
[seed 40]  47/100       GELU+Mish      acc= 87.70  ETA  41.2m
[seed 20]  48/100       GELU+SELU      acc= 87.09  ETA  39.6m
[seed 10]  44/100       GELU+Tanh      acc= 87.44  ETA  46.6m
[seed 30]  46/100       GELU+SiLU      acc= 87.40  ETA  43.3m
[seed 50]  49/100       GELU+PReLU     acc= 87.81  ETA  38.6m
[seed 20]  49/100       GELU+PReLU     acc= 87.63  ETA  38.9m
[seed 40]  48/100       GELU+SELU      acc= 87.44  ETA  40.5m
[seed 10]  45/100       GELU+GELU      acc= 86.97  ETA  45.7m
[seed 30]  47/100       GELU+Mish      acc= 87.48  ETA  42.5m
[seed 50]  50/100       GELU+Hardswish acc= 87.73  ETA  37.8m
[seed 20]  50/100       GELU+Hardswish acc= 87.61  ETA  38.1m
[seed 40]  49/100       GELU+PReLU     acc= 87.56  ETA  39.7m
[seed 10]  46/100       GELU+SiLU      acc= 87.25  ETA  44.9m
[seed 30]  48/100       GELU+SELU      acc= 87.86  ETA  41.8m
[seed 50]  51/100       SiLU+ReLU      acc= 87.46  ETA  37.1m
[seed 20]  51/100       SiLU+ReLU      acc= 86.76  ETA  37.3m
[seed 40]  50/100       GELU+Hardswish acc= 87.91  ETA  38.9m
[seed 10]  47/100       GELU+Mish      acc= 87.29  ETA  44.0m
[seed 50]  52/100       SiLU+ELU       acc= 87.42  ETA  36.3m
[seed 30]  49/100       GELU+PReLU     acc= 87.94  ETA  41.0m
[seed 20]  52/100       SiLU+ELU       acc= 87.48  ETA  36.5m
[seed 40]  51/100       SiLU+ReLU      acc= 87.75  ETA  38.1m
[seed 10]  48/100       GELU+SELU      acc= 86.99  ETA  43.1m
[seed 50]  53/100       SiLU+LeakyReLU acc= 87.24  ETA  35.5m
[seed 30]  50/100       GELU+Hardswish acc= 87.43  ETA  40.2m
[seed 20]  53/100       SiLU+LeakyReLU acc= 87.72  ETA  35.8m
[seed 40]  52/100       SiLU+ELU       acc= 88.16  ETA  37.3m
[seed 10]  49/100       GELU+PReLU     acc= 86.89  ETA  42.2m
[seed 50]  54/100       SiLU+Tanh      acc= 87.53  ETA  34.8m
[seed 30]  51/100       SiLU+ReLU      acc= 86.79  ETA  39.3m
[seed 20]  54/100       SiLU+Tanh      acc= 87.71  ETA  35.0m
[seed 40]  53/100       SiLU+LeakyReLU acc= 87.58  ETA  36.4m
[seed 10]  50/100       GELU+Hardswish acc= 87.26  ETA  41.3m
[seed 50]  55/100       SiLU+GELU      acc= 87.86  ETA  34.0m
[seed 30]  52/100       SiLU+ELU       acc= 87.73  ETA  38.6m
[seed 20]  55/100       SiLU+GELU      acc= 87.56  ETA  34.2m
[seed 40]  54/100       SiLU+Tanh      acc= 87.67  ETA  35.7m
[seed 10]  51/100       SiLU+ReLU      acc= 87.41  ETA  40.5m
[seed 50]  56/100       SiLU+SiLU      acc= 87.69  ETA  33.3m
[seed 20]  56/100       SiLU+SiLU      acc= 87.50  ETA  33.5m
[seed 40]  55/100       SiLU+GELU      acc= 87.77  ETA  34.9m
[seed 30]  53/100       SiLU+LeakyReLU acc= 87.52  ETA  37.8m
[seed 10]  52/100       SiLU+ELU       acc= 87.34  ETA  39.6m
[seed 50]  57/100       SiLU+Mish      acc= 87.72  ETA  32.5m
[seed 20]  57/100       SiLU+Mish      acc= 87.41  ETA  32.7m
[seed 40]  56/100       SiLU+SiLU      acc= 87.94  ETA  34.1m
[seed 30]  54/100       SiLU+Tanh      acc= 87.86  ETA  37.1m
[seed 10]  53/100       SiLU+LeakyReLU acc= 87.54  ETA  38.8m
[seed 50]  58/100       SiLU+SELU      acc= 87.30  ETA  31.7m
[seed 20]  58/100       SiLU+SELU      acc= 87.80  ETA  31.9m
[seed 40]  57/100       SiLU+Mish      acc= 87.58  ETA  33.3m
[seed 30]  55/100       SiLU+GELU      acc= 87.43  ETA  36.3m
[seed 10]  54/100       SiLU+Tanh      acc= 86.76  ETA  37.9m
[seed 50]  59/100       SiLU+PReLU     acc= 87.55  ETA  31.0m
[seed 20]  59/100       SiLU+PReLU     acc= 88.04  ETA  31.2m
[seed 40]  58/100       SiLU+SELU      acc= 87.91  ETA  32.5m
[seed 30]  56/100       SiLU+SiLU      acc= 87.43  ETA  35.5m
[seed 50]  60/100       SiLU+Hardswish acc= 87.58  ETA  30.2m
[seed 10]  55/100       SiLU+GELU      acc= 87.79  ETA  37.1m
[seed 20]  60/100       SiLU+Hardswish acc= 87.90  ETA  30.4m
[seed 40]  59/100       SiLU+PReLU     acc= 88.05  ETA  31.7m
[seed 30]  57/100       SiLU+Mish      acc= 86.73  ETA  34.5m
[seed 50]  61/100       Mish+ReLU      acc= 87.64  ETA  29.5m
[seed 10]  56/100       SiLU+SiLU      acc= 87.43  ETA  36.2m
[seed 20]  61/100       Mish+ReLU      acc= 87.51  ETA  29.6m
[seed 40]  60/100       SiLU+Hardswish acc= 87.94  ETA  30.9m
[seed 30]  58/100       SiLU+SELU      acc= 87.66  ETA  33.8m
[seed 50]  62/100       Mish+ELU       acc= 87.54  ETA  28.7m
[seed 10]  57/100       SiLU+Mish      acc= 87.29  ETA  35.5m
[seed 20]  62/100       Mish+ELU       acc= 87.05  ETA  28.9m
[seed 40]  61/100       Mish+ReLU      acc= 87.70  ETA  30.2m
[seed 30]  59/100       SiLU+PReLU     acc= 87.03  ETA  32.9m
[seed 50]  63/100       Mish+LeakyReLU acc= 87.15  ETA  28.0m
[seed 20]  63/100       Mish+LeakyReLU acc= 87.60  ETA  28.1m
[seed 10]  58/100       SiLU+SELU      acc= 87.36  ETA  34.7m
[seed 40]  62/100       Mish+ELU       acc= 87.67  ETA  29.4m
[seed 30]  60/100       SiLU+Hardswish acc= 87.35  ETA  32.2m
[seed 50]  64/100       Mish+Tanh      acc= 87.61  ETA  27.2m
[seed 20]  64/100       Mish+Tanh      acc= 87.36  ETA  27.3m
[seed 40]  63/100       Mish+LeakyReLU acc= 87.76  ETA  28.6m
[seed 10]  59/100       SiLU+PReLU     acc= 87.05  ETA  33.9m
[seed 50]  65/100       Mish+GELU      acc= 87.67  ETA  26.4m
[seed 30]  61/100       Mish+ReLU      acc= 86.86  ETA  31.4m
[seed 20]  65/100       Mish+GELU      acc= 87.25  ETA  26.6m
[seed 40]  64/100       Mish+Tanh      acc= 87.62  ETA  27.8m
[seed 10]  60/100       SiLU+Hardswish acc= 87.18  ETA  33.1m
[seed 50]  66/100       Mish+SiLU      acc= 87.71  ETA  25.7m
[seed 30]  62/100       Mish+ELU       acc= 87.22  ETA  30.7m
[seed 20]  66/100       Mish+SiLU      acc= 87.27  ETA  25.8m
[seed 40]  65/100       Mish+GELU      acc= 87.67  ETA  27.0m
[seed 10]  61/100       Mish+ReLU      acc= 87.86  ETA  32.3m
[seed 50]  67/100       Mish+Mish      acc= 87.78  ETA  24.9m
[seed 30]  63/100       Mish+LeakyReLU acc= 86.40  ETA  29.8m
[seed 20]  67/100       Mish+Mish      acc= 87.83  ETA  25.1m
[seed 40]  66/100       Mish+SiLU      acc= 87.92  ETA  26.3m
[seed 10]  62/100       Mish+ELU       acc= 87.61  ETA  31.5m
[seed 50]  68/100       Mish+SELU      acc= 87.42  ETA  24.2m
[seed 30]  64/100       Mish+Tanh      acc= 87.30  ETA  29.0m
[seed 20]  68/100       Mish+SELU      acc= 87.08  ETA  24.3m
[seed 40]  67/100       Mish+Mish      acc= 87.78  ETA  25.5m
[seed 50]  69/100       Mish+PReLU     acc= 87.34  ETA  23.4m
[seed 10]  63/100       Mish+LeakyReLU acc= 87.54  ETA  30.7m
[seed 20]  69/100       Mish+PReLU     acc= 87.41  ETA  23.5m
[seed 30]  65/100       Mish+GELU      acc= 87.76  ETA  28.2m
[seed 40]  68/100       Mish+SELU      acc= 88.18  ETA  24.8m
[seed 50]  70/100       Mish+Hardswish acc= 87.66  ETA  22.7m
[seed 10]  64/100       Mish+Tanh      acc= 86.82  ETA  29.9m
[seed 30]  66/100       Mish+SiLU      acc= 87.28  ETA  27.4m
[seed 20]  70/100       Mish+Hardswish acc= 87.00  ETA  22.8m
[seed 40]  69/100       Mish+PReLU     acc= 87.57  ETA  24.0m
[seed 50]  71/100       SELU+ReLU      acc= 86.95  ETA  21.9m
[seed 10]  65/100       Mish+GELU      acc= 87.40  ETA  29.0m
[seed 20]  71/100       SELU+ReLU      acc= 87.34  ETA  22.0m
[seed 30]  67/100       Mish+Mish      acc= 87.24  ETA  26.6m
[seed 40]  70/100       Mish+Hardswish acc= 87.95  ETA  23.2m
[seed 50]  72/100       SELU+ELU       acc= 87.83  ETA  21.2m
[seed 20]  72/100       SELU+ELU       acc= 87.63  ETA  21.3m
[seed 10]  66/100       Mish+SiLU      acc= 87.42  ETA  28.2m
[seed 30]  68/100       Mish+SELU      acc= 86.87  ETA  25.9m
[seed 40]  71/100       SELU+ReLU      acc= 87.84  ETA  22.5m
[seed 50]  73/100       SELU+LeakyReLU acc= 87.38  ETA  20.4m
[seed 20]  73/100       SELU+LeakyReLU acc= 86.73  ETA  20.5m
[seed 10]  67/100       Mish+Mish      acc= 87.25  ETA  27.4m
[seed 40]  72/100       SELU+ELU       acc= 87.73  ETA  21.7m
[seed 30]  69/100       Mish+PReLU     acc= 87.71  ETA  25.1m
[seed 50]  74/100       SELU+Tanh      acc= 87.60  ETA  19.6m
[seed 20]  74/100       SELU+Tanh      acc= 87.56  ETA  19.7m
[seed 10]  68/100       Mish+SELU      acc= 87.61  ETA  26.6m
[seed 30]  70/100       Mish+Hardswish acc= 87.06  ETA  24.2m
[seed 40]  73/100       SELU+LeakyReLU acc= 87.15  ETA  20.9m
[seed 50]  75/100       SELU+GELU      acc= 87.88  ETA  18.9m
[seed 20]  75/100       SELU+GELU      acc= 87.17  ETA  19.0m
[seed 10]  69/100       Mish+PReLU     acc= 87.82  ETA  25.7m
[seed 30]  71/100       SELU+ReLU      acc= 87.42  ETA  23.4m
[seed 50]  76/100       SELU+SiLU      acc= 87.71  ETA  18.1m
[seed 40]  74/100       SELU+Tanh      acc= 88.21  ETA  20.2m
[seed 20]  76/100       SELU+SiLU      acc= 87.69  ETA  18.2m
[seed 50]  77/100       SELU+Mish      acc= 87.59  ETA  17.4m
[seed 10]  70/100       Mish+Hardswish acc= 87.69  ETA  24.9m
[seed 30]  72/100       SELU+ELU       acc= 87.44  ETA  22.6m
[seed 40]  75/100       SELU+GELU      acc= 87.17  ETA  19.4m
[seed 20]  77/100       SELU+Mish      acc= 87.27  ETA  17.4m
[seed 50]  78/100       SELU+SELU      acc= 87.27  ETA  16.6m
[seed 30]  73/100       SELU+LeakyReLU acc= 87.50  ETA  21.8m
[seed 40]  76/100       SELU+SiLU      acc= 87.68  ETA  18.6m
[seed 10]  71/100       SELU+ReLU      acc= 87.46  ETA  24.1m
[seed 20]  78/100       SELU+SELU      acc= 87.51  ETA  16.7m
[seed 50]  79/100       SELU+PReLU     acc= 87.40  ETA  15.9m
[seed 40]  77/100       SELU+Mish      acc= 87.48  ETA  17.8m
[seed 30]  74/100       SELU+Tanh      acc= 87.52  ETA  21.0m
[seed 20]  79/100       SELU+PReLU     acc= 87.42  ETA  15.9m
[seed 10]  72/100       SELU+ELU       acc= 87.09  ETA  23.3m
[seed 50]  80/100       SELU+Hardswish acc= 87.76  ETA  15.1m
[seed 40]  78/100       SELU+SELU      acc= 88.12  ETA  17.1m
[seed 20]  80/100       SELU+Hardswish acc= 87.58  ETA  15.2m
[seed 30]  75/100       SELU+GELU      acc= 87.42  ETA  20.2m
[seed 10]  73/100       SELU+LeakyReLU acc= 86.86  ETA  22.5m
[seed 50]  81/100      PReLU+ReLU      acc= 87.57  ETA  14.3m
[seed 40]  79/100       SELU+PReLU     acc= 87.61  ETA  16.3m
[seed 20]  81/100      PReLU+ReLU      acc= 87.48  ETA  14.4m
[seed 30]  76/100       SELU+SiLU      acc= 86.97  ETA  19.4m
[seed 10]  74/100       SELU+Tanh      acc= 87.47  ETA  21.7m
[seed 50]  82/100      PReLU+ELU       acc= 87.48  ETA  13.6m
[seed 40]  80/100       SELU+Hardswish acc= 87.87  ETA  15.5m
[seed 20]  82/100      PReLU+ELU       acc= 87.25  ETA  13.7m
[seed 30]  77/100       SELU+Mish      acc= 87.08  ETA  18.6m
[seed 10]  75/100       SELU+GELU      acc= 87.82  ETA  20.8m
[seed 50]  83/100      PReLU+LeakyReLU acc= 87.63  ETA  12.9m
[seed 40]  81/100      PReLU+ReLU      acc= 87.80  ETA  14.7m
[seed 20]  83/100      PReLU+LeakyReLU acc= 87.68  ETA  12.9m
[seed 30]  78/100       SELU+SELU      acc= 86.62  ETA  17.8m
[seed 10]  76/100       SELU+SiLU      acc= 87.60  ETA  20.0m
[seed 50]  84/100      PReLU+Tanh      acc= 87.48  ETA  12.1m
[seed 40]  82/100      PReLU+ELU       acc= 87.54  ETA  14.0m
[seed 20]  84/100      PReLU+Tanh      acc= 86.89  ETA  12.1m
[seed 30]  79/100       SELU+PReLU     acc= 86.94  ETA  17.0m
[seed 50]  85/100      PReLU+GELU      acc= 87.68  ETA  11.3m
[seed 10]  77/100       SELU+Mish      acc= 87.89  ETA  19.2m
[seed 40]  83/100      PReLU+LeakyReLU acc= 87.38  ETA  13.2m
[seed 20]  85/100      PReLU+GELU      acc= 87.76  ETA  11.4m
[seed 30]  80/100       SELU+Hardswish acc= 86.88  ETA  16.2m
[seed 50]  86/100      PReLU+SiLU      acc= 87.40  ETA  10.6m
[seed 10]  78/100       SELU+SELU      acc= 87.87  ETA  18.4m
[seed 40]  84/100      PReLU+Tanh      acc= 88.07  ETA  12.4m
[seed 20]  86/100      PReLU+SiLU      acc= 87.76  ETA  10.6m
[seed 30]  81/100      PReLU+ReLU      acc= 87.87  ETA  15.4m
[seed 50]  87/100      PReLU+Mish      acc= 87.29  ETA   9.8m
[seed 10]  79/100       SELU+PReLU     acc= 86.89  ETA  17.5m
[seed 40]  85/100      PReLU+GELU      acc= 87.89  ETA  11.6m
[seed 20]  87/100      PReLU+Mish      acc= 87.40  ETA   9.9m
[seed 30]  82/100      PReLU+ELU       acc= 87.64  ETA  14.6m
[seed 50]  88/100      PReLU+SELU      acc= 87.51  ETA   9.1m
[seed 40]  86/100      PReLU+SiLU      acc= 87.73  ETA  10.9m
[seed 20]  88/100      PReLU+SELU      acc= 87.45  ETA   9.1m
[seed 10]  80/100       SELU+Hardswish acc= 87.97  ETA  16.7m
[seed 50]  89/100      PReLU+PReLU     acc= 87.48  ETA   8.3m
[seed 30]  83/100      PReLU+LeakyReLU acc= 87.69  ETA  13.8m
[seed 40]  87/100      PReLU+Mish      acc= 87.56  ETA  10.1m
[seed 20]  89/100      PReLU+PReLU     acc= 87.57  ETA   8.3m
[seed 10]  81/100      PReLU+ReLU      acc= 87.84  ETA  15.9m
[seed 50]  90/100      PReLU+Hardswish acc= 87.48  ETA   7.6m
[seed 30]  84/100      PReLU+Tanh      acc= 86.95  ETA  13.0m
[seed 20]  90/100      PReLU+Hardswish acc= 87.07  ETA   7.6m
[seed 40]  88/100      PReLU+SELU      acc= 87.61  ETA   9.3m
[seed 10]  82/100      PReLU+ELU       acc= 87.75  ETA  15.0m
[seed 50]  91/100  Hardswish+ReLU      acc= 87.81  ETA   6.8m
[seed 30]  85/100      PReLU+GELU      acc= 87.21  ETA  12.1m
[seed 20]  91/100  Hardswish+ReLU      acc= 87.82  ETA   6.8m
[seed 40]  89/100      PReLU+PReLU     acc= 88.22  ETA   8.5m
[seed 10]  83/100      PReLU+LeakyReLU acc= 86.66  ETA  14.2m
[seed 50]  92/100  Hardswish+ELU       acc= 87.37  ETA   6.0m
[seed 30]  86/100      PReLU+SiLU      acc= 87.36  ETA  11.3m
[seed 20]  92/100  Hardswish+ELU       acc= 87.24  ETA   6.1m
[seed 40]  90/100      PReLU+Hardswish acc= 87.60  ETA   7.8m
[seed 10]  84/100      PReLU+Tanh      acc= 87.85  ETA  13.4m
[seed 50]  93/100  Hardswish+LeakyReLU acc= 87.81  ETA   5.3m
[seed 30]  87/100      PReLU+Mish      acc= 87.53  ETA  10.5m
[seed 20]  93/100  Hardswish+LeakyReLU acc= 87.35  ETA   5.3m
[seed 40]  91/100  Hardswish+ReLU      acc= 87.86  ETA   7.0m
[seed 50]  94/100  Hardswish+Tanh      acc= 87.58  ETA   4.5m
[seed 10]  85/100      PReLU+GELU      acc= 87.87  ETA  12.5m
[seed 30]  88/100      PReLU+SELU      acc= 86.83  ETA   9.7m
[seed 20]  94/100  Hardswish+Tanh      acc= 87.61  ETA   4.6m
[seed 40]  92/100  Hardswish+ELU       acc= 87.62  ETA   6.2m
[seed 50]  95/100  Hardswish+GELU      acc= 87.84  ETA   3.8m
[seed 30]  89/100      PReLU+PReLU     acc= 87.09  ETA   8.9m
[seed 10]  86/100      PReLU+SiLU      acc= 88.00  ETA  11.7m
[seed 20]  95/100  Hardswish+GELU      acc= 87.37  ETA   3.8m
[seed 40]  93/100  Hardswish+LeakyReLU acc= 87.83  ETA   5.4m
[seed 50]  96/100  Hardswish+SiLU      acc= 87.90  ETA   3.0m
[seed 30]  90/100      PReLU+Hardswish acc= 87.80  ETA   8.1m
[seed 10]  87/100      PReLU+Mish      acc= 87.53  ETA  10.9m
[seed 20]  96/100  Hardswish+SiLU      acc= 87.41  ETA   3.0m
[seed 40]  94/100  Hardswish+Tanh      acc= 87.68  ETA   4.7m
[seed 50]  97/100  Hardswish+Mish      acc= 87.59  ETA   2.3m
[seed 30]  91/100  Hardswish+ReLU      acc= 87.09  ETA   7.3m
[seed 20]  97/100  Hardswish+Mish      acc= 87.75  ETA   2.3m
[seed 40]  95/100  Hardswish+GELU      acc= 87.24  ETA   3.9m
[seed 10]  88/100      PReLU+SELU      acc= 88.01  ETA  10.0m
[seed 50]  98/100  Hardswish+SELU      acc= 87.56  ETA   1.5m
[seed 20]  98/100  Hardswish+SELU      acc= 87.48  ETA   1.5m
[seed 30]  92/100  Hardswish+ELU       acc= 87.54  ETA   6.5m
[seed 40]  96/100  Hardswish+SiLU      acc= 87.84  ETA   3.1m
[seed 10]  89/100      PReLU+PReLU     acc= 87.60  ETA   9.2m
[seed 50]  99/100  Hardswish+PReLU     acc= 87.44  ETA   0.8m
[seed 20]  99/100  Hardswish+PReLU     acc= 87.56  ETA   0.8m
[seed 40]  97/100  Hardswish+Mish      acc= 87.81  ETA   2.3m
[seed 30]  93/100  Hardswish+LeakyReLU acc= 87.66  ETA   5.7m
[seed 10]  90/100      PReLU+Hardswish acc= 87.95  ETA   8.4m
[seed 50] 100/100  Hardswish+Hardswish acc= 87.69  ETA   0.0m
[seed 50] DONE in 75.5 min -> BiGRU+GRU_5_seed_variance_results\seed_50.csv
[seed 20] 100/100  Hardswish+Hardswish acc= 87.58  ETA   0.0m
[seed 20] DONE in 75.7 min -> BiGRU+GRU_5_seed_variance_results\seed_20.csv
[seed 40]  98/100  Hardswish+SELU      acc= 87.72  ETA   1.5m
[seed 30]  94/100  Hardswish+Tanh      acc= 87.06  ETA   4.8m
[seed 10]  91/100  Hardswish+ReLU      acc= 87.53  ETA   7.5m
[seed 40]  99/100  Hardswish+PReLU     acc= 87.26  ETA   0.8m
[seed 30]  95/100  Hardswish+GELU      acc= 87.81  ETA   4.0m
[seed 10]  92/100  Hardswish+ELU       acc= 86.63  ETA   6.6m
[seed 40] 100/100  Hardswish+Hardswish acc= 87.86  ETA   0.0m
[seed 40] DONE in 76.7 min -> BiGRU+GRU_5_seed_variance_results\seed_40.csv
[seed 30]  96/100  Hardswish+SiLU      acc= 87.14  ETA   3.2m
[seed 10]  93/100  Hardswish+LeakyReLU acc= 87.30  ETA   5.8m
[seed 30]  97/100  Hardswish+Mish      acc= 87.37  ETA   2.4m
[seed 10]  94/100  Hardswish+Tanh      acc= 87.74  ETA   4.9m
[seed 30]  98/100  Hardswish+SELU      acc= 86.76  ETA   1.6m
[seed 10]  95/100  Hardswish+GELU      acc= 87.87  ETA   4.1m
[seed 30]  99/100  Hardswish+PReLU     acc= 87.22  ETA   0.8m
[seed 10]  96/100  Hardswish+SiLU      acc= 86.82  ETA   3.2m
[seed 30] 100/100  Hardswish+Hardswish acc= 86.99  ETA   0.0m
[seed 30] DONE in 78.1 min -> BiGRU+GRU_5_seed_variance_results\seed_30.csv
[seed 10]  97/100  Hardswish+Mish      acc= 87.61  ETA   2.4m
[seed 10]  98/100  Hardswish+SELU      acc= 87.56  ETA   1.6m
[seed 10]  99/100  Hardswish+PReLU     acc= 87.64  ETA   0.8m
[seed 10] 100/100  Hardswish+Hardswish acc= 87.52  ETA   0.0m
[seed 10] DONE in 78.8 min -> BiGRU+GRU_5_seed_variance_results\seed_10.csv

  workers finished with codes [0, 0, 0, 0, 0] in 78.8 min

[4/4] Merging and summarising ...

======================================================================
BiGRU+GRU: 500 runs over 5 seeds -> 100 cells
======================================================================
  all runs      -> BiGRU+GRU_5_seed_variance_results\all_runs.csv
  per-cell mean -> BiGRU+GRU_5_seed_variance_results\mean_100_cells.csv

  per-cell std: 0.11 to 0.78 (median 0.33)

  top 5 cells by mean accuracy:
         ReLU + LeakyReLU  87.81 +/- 0.17
        PReLU + ReLU       87.71 +/- 0.17
         Tanh + GELU       87.71 +/- 0.29
        PReLU + GELU       87.68 +/- 0.28
         SiLU + GELU       87.68 +/- 0.18
