Device : cuda
GPU    : NVIDIA GeForce RTX 5080
======================================================================
FULL 5-SEED SWEEP  --  BiLSTM+BiLSTM
  100 cells x 5 seeds [10, 20, 30, 40, 50] = 500 runs
  output: BiLSTM+BiLSTM_5_seed_variance_results/
======================================================================

[1/4] Preparing data cache ...
  cache hit: cache\sweep_data

[2/4] Preflight skipped (--preflight to enable)

[3/4] Launching 5 workers, one per seed ...

Device : cuda
GPU    : NVIDIA GeForce RTX 5080
[seed 40]   1/100       ReLU+ReLU      acc= 87.15  ETA 105.5m
Device : cuda
GPU    : NVIDIA GeForce RTX 5080
[seed 10]   1/100       ReLU+ReLU      acc= 87.41  ETA 105.4m
Device : cuda
GPU    : NVIDIA GeForce RTX 5080
[seed 50]   1/100       ReLU+ReLU      acc= 86.91  ETA 105.5m
Device : cuda
GPU    : NVIDIA GeForce RTX 5080
[seed 30]   1/100       ReLU+ReLU      acc= 86.89  ETA 105.7m
Device : cuda
GPU    : NVIDIA GeForce RTX 5080
[seed 20]   1/100       ReLU+ReLU      acc= 86.85  ETA 131.1m
[seed 10]   2/100       ReLU+ELU       acc= 86.81  ETA 103.4m
[seed 50]   2/100       ReLU+ELU       acc= 86.92  ETA 103.4m
[seed 30]   2/100       ReLU+ELU       acc= 86.71  ETA 103.6m
[seed 40]   2/100       ReLU+ELU       acc= 87.45  ETA 109.6m
[seed 20]   2/100       ReLU+ELU       acc= 87.22  ETA 115.9m
[seed 50]   3/100       ReLU+LeakyReLU acc= 86.54  ETA  97.7m
[seed 10]   3/100       ReLU+LeakyReLU acc= 86.68  ETA 101.8m
[seed 30]   3/100       ReLU+LeakyReLU acc= 86.93  ETA 101.9m
[seed 40]   3/100       ReLU+LeakyReLU acc= 86.40  ETA 105.8m
[seed 20]   3/100       ReLU+LeakyReLU acc= 87.17  ETA 110.0m
[seed 50]   4/100       ReLU+Tanh      acc= 86.12  ETA  97.4m
[seed 30]   4/100       ReLU+Tanh      acc= 86.72  ETA 100.6m
[seed 10]   4/100       ReLU+Tanh      acc= 87.82  ETA 103.6m
[seed 40]   4/100       ReLU+Tanh      acc= 87.26  ETA 106.5m
[seed 20]   4/100       ReLU+Tanh      acc= 87.10  ETA 106.6m
[seed 50]   5/100       ReLU+GELU      acc= 86.81  ETA  99.3m
[seed 10]   5/100       ReLU+GELU      acc= 86.65  ETA  99.3m
[seed 30]   5/100       ReLU+GELU      acc= 87.05  ETA  99.4m
[seed 20]   5/100       ReLU+GELU      acc= 86.39  ETA 104.1m
[seed 40]   5/100       ReLU+GELU      acc= 87.13  ETA 106.5m
[seed 50]   6/100       ReLU+SiLU      acc= 86.21  ETA  96.2m
[seed 10]   6/100       ReLU+SiLU      acc= 87.18  ETA  96.2m
[seed 30]   6/100       ReLU+SiLU      acc= 85.98  ETA  98.2m
[seed 40]   6/100       ReLU+SiLU      acc= 87.26  ETA 102.0m
[seed 20]   6/100       ReLU+SiLU      acc= 87.66  ETA 104.1m
[seed 10]   7/100       ReLU+Mish      acc= 87.15  ETA  94.1m
[seed 50]   7/100       ReLU+Mish      acc= 86.81  ETA  95.8m
[seed 30]   7/100       ReLU+Mish      acc= 86.57  ETA  97.5m
[seed 20]   7/100       ReLU+Mish      acc= 85.95  ETA  99.0m
[seed 40]   7/100       ReLU+Mish      acc= 86.46  ETA 102.5m
[seed 10]   8/100       ReLU+SELU      acc= 87.08  ETA  93.3m
[seed 30]   8/100       ReLU+SELU      acc= 86.56  ETA  96.4m
[seed 50]   8/100       ReLU+SELU      acc= 86.79  ETA  96.4m
[seed 20]   8/100       ReLU+SELU      acc= 86.91  ETA 100.6m
[seed 40]   8/100       ReLU+SELU      acc= 86.62  ETA 102.2m
[seed 10]   9/100       ReLU+PReLU     acc= 85.53  ETA  92.6m
[seed 30]   9/100       ReLU+PReLU     acc= 86.89  ETA  95.3m
[seed 20]   9/100       ReLU+PReLU     acc= 86.38  ETA  96.4m
[seed 50]   9/100       ReLU+PReLU     acc= 86.70  ETA  96.6m
[seed 40]   9/100       ReLU+PReLU     acc= 86.92  ETA 101.7m
[seed 10]  10/100       ReLU+Hardswish acc= 87.20  ETA  92.9m
[seed 30]  10/100       ReLU+Hardswish acc= 87.00  ETA  94.2m
[seed 50]  10/100       ReLU+Hardswish acc= 86.83  ETA  94.2m
[seed 20]  10/100       ReLU+Hardswish acc= 87.53  ETA  95.1m
[seed 40]  10/100       ReLU+Hardswish acc= 87.12  ETA 101.0m
[seed 30]  11/100        ELU+ReLU      acc= 85.81  ETA  92.0m
[seed 10]  11/100        ELU+ReLU      acc= 87.13  ETA  93.0m
[seed 20]  11/100        ELU+ReLU      acc= 87.51  ETA  95.0m
[seed 50]  11/100        ELU+ReLU      acc= 86.81  ETA  95.2m
[seed 40]  11/100        ELU+ReLU      acc= 87.20  ETA  99.2m
[seed 10]  12/100        ELU+ELU       acc= 86.41  ETA  91.0m
[seed 30]  12/100        ELU+ELU       acc= 86.43  ETA  91.1m
[seed 20]  12/100        ELU+ELU       acc= 86.97  ETA  92.8m
[seed 50]  12/100        ELU+ELU       acc= 86.34  ETA  93.0m
[seed 10]  13/100        ELU+LeakyReLU acc= 85.65  ETA  89.2m
[seed 40]  12/100        ELU+ELU       acc= 87.36  ETA  98.5m
[seed 30]  13/100        ELU+LeakyReLU acc= 86.79  ETA  90.9m
[seed 20]  13/100        ELU+LeakyReLU acc= 86.76  ETA  91.6m
[seed 50]  13/100        ELU+LeakyReLU acc= 86.76  ETA  91.8m
[seed 10]  14/100        ELU+Tanh      acc= 86.53  ETA  88.2m
[seed 40]  13/100        ELU+LeakyReLU acc= 86.78  ETA  97.8m
[seed 30]  14/100        ELU+Tanh      acc= 86.31  ETA  89.9m
[seed 20]  14/100        ELU+Tanh      acc= 87.48  ETA  90.5m
[seed 50]  14/100        ELU+Tanh      acc= 86.30  ETA  90.7m
[seed 10]  15/100        ELU+GELU      acc= 85.75  ETA  85.8m
[seed 40]  14/100        ELU+Tanh      acc= 86.14  ETA  95.3m
[seed 30]  15/100        ELU+GELU      acc= 86.89  ETA  88.8m
[seed 50]  15/100        ELU+GELU      acc= 87.38  ETA  89.6m
[seed 20]  15/100        ELU+GELU      acc= 86.41  ETA  90.8m
[seed 10]  16/100        ELU+SiLU      acc= 86.17  ETA  84.3m
[seed 40]  15/100        ELU+GELU      acc= 87.16  ETA  94.5m
[seed 30]  16/100        ELU+SiLU      acc= 86.19  ETA  88.4m
[seed 50]  16/100        ELU+SiLU      acc= 86.74  ETA  89.1m
[seed 20]  16/100        ELU+SiLU      acc= 87.66  ETA  90.3m
[seed 10]  17/100        ELU+Mish      acc= 87.47  ETA  84.4m
[seed 40]  16/100        ELU+SiLU      acc= 86.34  ETA  92.3m
[seed 30]  17/100        ELU+Mish      acc= 86.66  ETA  87.5m
[seed 50]  17/100        ELU+Mish      acc= 86.91  ETA  88.1m
[seed 10]  18/100        ELU+SELU      acc= 87.09  ETA  83.4m
[seed 20]  17/100        ELU+Mish      acc= 87.06  ETA  90.5m
[seed 40]  17/100        ELU+Mish      acc= 86.20  ETA  91.8m
[seed 30]  18/100        ELU+SELU      acc= 86.61  ETA  86.4m
[seed 50]  18/100        ELU+SELU      acc= 87.07  ETA  86.4m
[seed 10]  19/100        ELU+PReLU     acc= 86.37  ETA  81.9m
[seed 40]  18/100        ELU+SELU      acc= 85.95  ETA  89.8m
[seed 20]  18/100        ELU+SELU      acc= 86.99  ETA  90.3m
[seed 30]  19/100        ELU+PReLU     acc= 86.50  ETA  85.3m
[seed 50]  19/100        ELU+PReLU     acc= 87.53  ETA  85.8m
[seed 10]  20/100        ELU+Hardswish acc= 87.11  ETA  81.6m
[seed 40]  19/100        ELU+PReLU     acc= 86.72  ETA  89.0m
[seed 30]  20/100        ELU+Hardswish acc= 86.87  ETA  84.2m
[seed 20]  19/100        ELU+PReLU     acc= 86.72  ETA  90.1m
[seed 50]  20/100        ELU+Hardswish acc= 87.38  ETA  84.7m
[seed 10]  21/100  LeakyReLU+ReLU      acc= 86.40  ETA  80.2m
[seed 40]  20/100        ELU+Hardswish acc= 86.11  ETA  88.2m
[seed 50]  21/100  LeakyReLU+ReLU      acc= 86.55  ETA  83.1m
[seed 30]  21/100  LeakyReLU+ReLU      acc= 87.71  ETA  83.1m
[seed 20]  20/100        ELU+Hardswish acc= 86.69  ETA  88.7m
[seed 10]  22/100  LeakyReLU+ELU       acc= 87.40  ETA  79.7m
[seed 30]  22/100  LeakyReLU+ELU       acc= 86.15  ETA  82.0m
[seed 40]  21/100  LeakyReLU+ReLU      acc= 86.41  ETA  87.4m
[seed 50]  22/100  LeakyReLU+ELU       acc= 86.45  ETA  82.5m
[seed 10]  23/100  LeakyReLU+LeakyReLU acc= 86.42  ETA  78.3m
[seed 20]  21/100  LeakyReLU+ReLU      acc= 87.63  ETA  88.3m
[seed 30]  23/100  LeakyReLU+LeakyReLU acc= 87.37  ETA  80.9m
[seed 40]  22/100  LeakyReLU+ELU       acc= 86.73  ETA  86.5m
[seed 50]  23/100  LeakyReLU+LeakyReLU acc= 86.69  ETA  81.8m
[seed 10]  24/100  LeakyReLU+Tanh      acc= 86.66  ETA  77.4m
[seed 20]  22/100  LeakyReLU+ELU       acc= 87.52  ETA  86.9m
[seed 30]  24/100  LeakyReLU+Tanh      acc= 86.90  ETA  80.3m
[seed 10]  25/100  LeakyReLU+GELU      acc= 87.05  ETA  76.0m
[seed 20]  23/100  LeakyReLU+LeakyReLU acc= 86.90  ETA  85.1m
[seed 50]  24/100  LeakyReLU+Tanh      acc= 86.97  ETA  80.7m
[seed 40]  23/100  LeakyReLU+LeakyReLU acc= 86.50  ETA  85.6m
[seed 10]  26/100  LeakyReLU+SiLU      acc= 86.23  ETA  74.7m
[seed 30]  25/100  LeakyReLU+GELU      acc= 86.46  ETA  79.2m
[seed 20]  24/100  LeakyReLU+Tanh      acc= 87.09  ETA  83.8m
[seed 50]  25/100  LeakyReLU+GELU      acc= 86.56  ETA  79.9m
[seed 40]  24/100  LeakyReLU+Tanh      acc= 86.47  ETA  84.6m
[seed 30]  26/100  LeakyReLU+SiLU      acc= 86.87  ETA  78.0m
[seed 10]  27/100  LeakyReLU+Mish      acc= 87.59  ETA  74.3m
[seed 20]  25/100  LeakyReLU+GELU      acc= 87.34  ETA  82.5m
[seed 50]  26/100  LeakyReLU+SiLU      acc= 85.79  ETA  78.4m
[seed 40]  25/100  LeakyReLU+GELU      acc= 86.51  ETA  82.9m
[seed 10]  28/100  LeakyReLU+SELU      acc= 85.38  ETA  73.0m
[seed 30]  27/100  LeakyReLU+Mish      acc= 87.00  ETA  77.1m
[seed 20]  26/100  LeakyReLU+SiLU      acc= 86.45  ETA  81.2m
[seed 50]  27/100  LeakyReLU+Mish      acc= 86.88  ETA  77.4m
[seed 40]  26/100  LeakyReLU+SiLU      acc= 87.47  ETA  81.9m
[seed 10]  29/100  LeakyReLU+PReLU     acc= 86.29  ETA  71.7m
[seed 30]  28/100  LeakyReLU+SELU      acc= 85.06  ETA  75.6m
[seed 50]  28/100  LeakyReLU+SELU      acc= 86.10  ETA  76.0m
[seed 20]  27/100  LeakyReLU+Mish      acc= 87.07  ETA  80.0m
[seed 40]  27/100  LeakyReLU+Mish      acc= 87.09  ETA  81.1m
[seed 10]  30/100  LeakyReLU+Hardswish acc= 87.26  ETA  70.8m
[seed 30]  29/100  LeakyReLU+PReLU     acc= 87.67  ETA  74.5m
[seed 20]  28/100  LeakyReLU+SELU      acc= 87.43  ETA  78.5m
[seed 50]  29/100  LeakyReLU+PReLU     acc= 86.23  ETA  74.9m
[seed 40]  28/100  LeakyReLU+SELU      acc= 86.36  ETA  80.2m
[seed 10]  31/100       Tanh+ReLU      acc= 86.16  ETA  69.5m
[seed 30]  30/100  LeakyReLU+Hardswish acc= 86.59  ETA  73.2m
[seed 50]  30/100  LeakyReLU+Hardswish acc= 85.76  ETA  74.1m
[seed 20]  29/100  LeakyReLU+PReLU     acc= 87.17  ETA  77.9m
[seed 40]  29/100  LeakyReLU+PReLU     acc= 86.77  ETA  79.2m
[seed 30]  31/100       Tanh+ReLU      acc= 86.46  ETA  72.1m
[seed 10]  32/100       Tanh+ELU       acc= 87.14  ETA  68.9m
[seed 50]  31/100       Tanh+ReLU      acc= 87.09  ETA  73.0m
[seed 20]  30/100  LeakyReLU+Hardswish acc= 86.97  ETA  76.7m
[seed 30]  32/100       Tanh+ELU       acc= 85.88  ETA  70.8m
[seed 10]  33/100       Tanh+LeakyReLU acc= 86.02  ETA  67.7m
[seed 40]  30/100  LeakyReLU+Hardswish acc= 87.44  ETA  78.2m
[seed 50]  32/100       Tanh+ELU       acc= 86.43  ETA  71.6m
[seed 20]  31/100       Tanh+ReLU      acc= 86.50  ETA  76.0m
[seed 30]  33/100       Tanh+LeakyReLU acc= 87.81  ETA  69.7m
[seed 10]  34/100       Tanh+Tanh      acc= 85.79  ETA  67.0m
[seed 40]  31/100       Tanh+ReLU      acc= 86.59  ETA  77.2m
[seed 50]  33/100       Tanh+LeakyReLU acc= 86.87  ETA  70.5m
[seed 20]  32/100       Tanh+ELU       acc= 87.54  ETA  74.8m
[seed 30]  34/100       Tanh+Tanh      acc= 87.44  ETA  68.7m
[seed 10]  35/100       Tanh+GELU      acc= 86.82  ETA  66.0m
[seed 40]  32/100       Tanh+ELU       acc= 86.72  ETA  75.6m
[seed 50]  34/100       Tanh+Tanh      acc= 85.76  ETA  69.5m
[seed 20]  33/100       Tanh+LeakyReLU acc= 86.87  ETA  73.6m
[seed 30]  35/100       Tanh+GELU      acc= 86.69  ETA  67.7m
[seed 40]  33/100       Tanh+LeakyReLU acc= 86.80  ETA  74.1m
[seed 50]  35/100       Tanh+GELU      acc= 85.16  ETA  68.2m
[seed 10]  36/100       Tanh+SiLU      acc= 87.52  ETA  65.3m
[seed 20]  34/100       Tanh+Tanh      acc= 87.06  ETA  72.6m
[seed 40]  34/100       Tanh+Tanh      acc= 85.62  ETA  72.6m
[seed 30]  36/100       Tanh+SiLU      acc= 86.98  ETA  66.6m
[seed 50]  36/100       Tanh+SiLU      acc= 86.82  ETA  67.1m
[seed 10]  37/100       Tanh+Mish      acc= 86.86  ETA  64.4m
[seed 40]  35/100       Tanh+GELU      acc= 86.48  ETA  71.2m
[seed 30]  37/100       Tanh+Mish      acc= 86.51  ETA  65.7m
[seed 20]  35/100       Tanh+GELU      acc= 87.12  ETA  71.6m
[seed 10]  38/100       Tanh+SELU      acc= 85.44  ETA  63.1m
[seed 50]  37/100       Tanh+Mish      acc= 86.97  ETA  66.1m
[seed 40]  36/100       Tanh+SiLU      acc= 84.84  ETA  69.7m
[seed 30]  38/100       Tanh+SELU      acc= 87.24  ETA  64.6m
[seed 20]  36/100       Tanh+SiLU      acc= 87.14  ETA  70.6m
[seed 10]  39/100       Tanh+PReLU     acc= 86.68  ETA  62.2m
[seed 50]  38/100       Tanh+SELU      acc= 87.32  ETA  65.1m
[seed 40]  37/100       Tanh+Mish      acc= 86.23  ETA  68.4m
[seed 30]  39/100       Tanh+PReLU     acc= 86.86  ETA  63.6m
[seed 50]  39/100       Tanh+PReLU     acc= 86.25  ETA  63.8m
[seed 10]  40/100       Tanh+Hardswish acc= 87.50  ETA  61.4m
[seed 20]  37/100       Tanh+Mish      acc= 86.55  ETA  70.0m
[seed 40]  38/100       Tanh+SELU      acc= 87.21  ETA  67.5m
[seed 30]  40/100       Tanh+Hardswish acc= 86.52  ETA  62.5m
[seed 50]  40/100       Tanh+Hardswish acc= 86.20  ETA  62.7m
[seed 10]  41/100       GELU+ReLU      acc= 86.89  ETA  60.2m
[seed 20]  38/100       Tanh+SELU      acc= 86.75  ETA  69.2m
[seed 40]  39/100       Tanh+PReLU     acc= 87.06  ETA  66.3m
[seed 30]  41/100       GELU+ReLU      acc= 86.83  ETA  61.5m
[seed 10]  42/100       GELU+ELU       acc= 86.43  ETA  59.0m
[seed 50]  41/100       GELU+ReLU      acc= 87.17  ETA  61.9m
[seed 40]  40/100       Tanh+Hardswish acc= 86.39  ETA  65.0m
[seed 20]  39/100       Tanh+PReLU     acc= 86.48  ETA  68.3m
[seed 30]  42/100       GELU+ELU       acc= 87.16  ETA  60.4m
[seed 10]  43/100       GELU+LeakyReLU acc= 86.82  ETA  58.0m
[seed 50]  42/100       GELU+ELU       acc= 87.08  ETA  60.8m
[seed 40]  41/100       GELU+ReLU      acc= 86.27  ETA  63.6m
[seed 30]  43/100       GELU+LeakyReLU acc= 87.24  ETA  59.4m
[seed 10]  44/100       GELU+Tanh      acc= 87.27  ETA  57.1m
[seed 20]  40/100       Tanh+Hardswish acc= 86.67  ETA  67.5m
[seed 50]  43/100       GELU+LeakyReLU acc= 87.03  ETA  59.9m
[seed 40]  42/100       GELU+ELU       acc= 86.88  ETA  62.7m
[seed 30]  44/100       GELU+Tanh      acc= 85.37  ETA  58.2m
[seed 10]  45/100       GELU+GELU      acc= 86.98  ETA  56.1m
[seed 20]  41/100       GELU+ReLU      acc= 87.77  ETA  66.4m
[seed 50]  44/100       GELU+Tanh      acc= 86.30  ETA  58.9m
[seed 40]  43/100       GELU+LeakyReLU acc= 86.85  ETA  61.7m
[seed 30]  45/100       GELU+GELU      acc= 87.18  ETA  57.2m
[seed 10]  46/100       GELU+SiLU      acc= 87.04  ETA  55.1m
[seed 50]  45/100       GELU+GELU      acc= 86.78  ETA  57.7m
[seed 20]  42/100       GELU+ELU       acc= 87.40  ETA  65.4m
[seed 40]  44/100       GELU+Tanh      acc= 86.11  ETA  60.4m
[seed 30]  46/100       GELU+SiLU      acc= 86.64  ETA  56.1m
[seed 50]  46/100       GELU+SiLU      acc= 86.95  ETA  56.6m
[seed 10]  47/100       GELU+Mish      acc= 86.93  ETA  54.4m
[seed 40]  45/100       GELU+GELU      acc= 86.41  ETA  59.1m
[seed 20]  43/100       GELU+LeakyReLU acc= 86.84  ETA  64.5m
[seed 30]  47/100       GELU+Mish      acc= 87.20  ETA  55.1m
[seed 40]  46/100       GELU+SiLU      acc= 86.46  ETA  57.9m
[seed 50]  47/100       GELU+Mish      acc= 87.10  ETA  55.6m
[seed 10]  48/100       GELU+SELU      acc= 86.87  ETA  53.4m
[seed 20]  44/100       GELU+Tanh      acc= 87.03  ETA  63.2m
[seed 30]  48/100       GELU+SELU      acc= 86.81  ETA  54.2m
[seed 40]  47/100       GELU+Mish      acc= 86.61  ETA  56.7m
[seed 50]  48/100       GELU+SELU      acc= 87.17  ETA  54.5m
[seed 10]  49/100       GELU+PReLU     acc= 87.31  ETA  52.4m
[seed 20]  45/100       GELU+GELU      acc= 87.21  ETA  62.1m
[seed 30]  49/100       GELU+PReLU     acc= 86.85  ETA  53.2m
[seed 40]  48/100       GELU+SELU      acc= 85.48  ETA  55.4m
[seed 50]  49/100       GELU+PReLU     acc= 86.90  ETA  53.5m
[seed 10]  50/100       GELU+Hardswish acc= 85.98  ETA  51.4m
[seed 20]  46/100       GELU+SiLU      acc= 86.73  ETA  61.1m
[seed 40]  49/100       GELU+PReLU     acc= 85.65  ETA  54.2m
[seed 30]  50/100       GELU+Hardswish acc= 85.51  ETA  52.2m
[seed 50]  50/100       GELU+Hardswish acc= 86.73  ETA  52.3m
[seed 10]  51/100       SiLU+ReLU      acc= 87.16  ETA  50.4m
[seed 40]  50/100       GELU+Hardswish acc= 87.21  ETA  53.1m
[seed 30]  51/100       SiLU+ReLU      acc= 86.73  ETA  51.1m
[seed 20]  47/100       GELU+Mish      acc= 87.44  ETA  60.0m
[seed 50]  51/100       SiLU+ReLU      acc= 86.86  ETA  51.3m
[seed 10]  52/100       SiLU+ELU       acc= 85.97  ETA  49.3m
[seed 30]  52/100       SiLU+ELU       acc= 87.67  ETA  50.1m
[seed 40]  51/100       SiLU+ReLU      acc= 86.74  ETA  52.2m
[seed 10]  53/100       SiLU+LeakyReLU acc= 87.26  ETA  48.2m
[seed 20]  48/100       GELU+SELU      acc= 87.50  ETA  58.9m
[seed 50]  52/100       SiLU+ELU       acc= 87.03  ETA  50.3m
[seed 20]  49/100       GELU+PReLU     acc= 85.37  ETA  57.5m
[seed 30]  53/100       SiLU+LeakyReLU acc= 86.39  ETA  49.0m
[seed 40]  52/100       SiLU+ELU       acc= 87.02  ETA  51.2m
[seed 50]  53/100       SiLU+LeakyReLU acc= 86.32  ETA  49.3m
[seed 10]  54/100       SiLU+Tanh      acc= 87.34  ETA  47.3m
[seed 20]  50/100       GELU+Hardswish acc= 85.23  ETA  56.1m
[seed 30]  54/100       SiLU+Tanh      acc= 86.48  ETA  48.0m
[seed 40]  53/100       SiLU+LeakyReLU acc= 86.18  ETA  50.0m
[seed 50]  54/100       SiLU+Tanh      acc= 86.95  ETA  48.2m
[seed 10]  55/100       SiLU+GELU      acc= 86.60  ETA  46.3m
[seed 20]  51/100       SiLU+ReLU      acc= 86.57  ETA  55.0m
[seed 40]  54/100       SiLU+Tanh      acc= 86.54  ETA  48.8m
[seed 30]  55/100       SiLU+GELU      acc= 87.33  ETA  47.1m
[seed 50]  55/100       SiLU+GELU      acc= 86.66  ETA  47.2m
[seed 10]  56/100       SiLU+SiLU      acc= 87.51  ETA  45.3m
[seed 30]  56/100       SiLU+SiLU      acc= 85.29  ETA  45.9m
[seed 20]  52/100       SiLU+ELU       acc= 87.48  ETA  54.0m
[seed 40]  55/100       SiLU+GELU      acc= 87.08  ETA  47.8m
[seed 50]  56/100       SiLU+SiLU      acc= 86.75  ETA  46.0m
[seed 10]  57/100       SiLU+Mish      acc= 86.91  ETA  44.5m
[seed 30]  57/100       SiLU+Mish      acc= 86.39  ETA  44.9m
[seed 40]  56/100       SiLU+SiLU      acc= 86.75  ETA  46.8m
[seed 50]  57/100       SiLU+Mish      acc= 86.75  ETA  45.0m
[seed 20]  53/100       SiLU+LeakyReLU acc= 87.13  ETA  53.0m
[seed 10]  58/100       SiLU+SELU      acc= 87.10  ETA  43.5m
[seed 40]  57/100       SiLU+Mish      acc= 86.16  ETA  45.7m
[seed 30]  58/100       SiLU+SELU      acc= 86.54  ETA  43.9m
[seed 50]  58/100       SiLU+SELU      acc= 87.23  ETA  44.0m
[seed 20]  54/100       SiLU+Tanh      acc= 87.29  ETA  51.9m
[seed 10]  59/100       SiLU+PReLU     acc= 86.89  ETA  42.5m
[seed 40]  58/100       SiLU+SELU      acc= 86.32  ETA  44.5m
[seed 30]  59/100       SiLU+PReLU     acc= 86.30  ETA  42.9m
[seed 50]  59/100       SiLU+PReLU     acc= 86.14  ETA  43.0m
[seed 20]  55/100       SiLU+GELU      acc= 85.86  ETA  50.7m
[seed 10]  60/100       SiLU+Hardswish acc= 87.06  ETA  41.4m
[seed 40]  59/100       SiLU+PReLU     acc= 85.37  ETA  43.4m
[seed 30]  60/100       SiLU+Hardswish acc= 86.21  ETA  41.8m
[seed 50]  60/100       SiLU+Hardswish acc= 86.69  ETA  42.0m
[seed 10]  61/100       Mish+ReLU      acc= 87.14  ETA  40.4m
[seed 20]  56/100       SiLU+SiLU      acc= 86.77  ETA  49.7m
[seed 40]  60/100       SiLU+Hardswish acc= 86.38  ETA  42.2m
[seed 30]  61/100       Mish+ReLU      acc= 87.16  ETA  40.8m
[seed 50]  61/100       Mish+ReLU      acc= 86.54  ETA  41.0m
[seed 40]  61/100       Mish+ReLU      acc= 86.89  ETA  41.1m
[seed 10]  62/100       Mish+ELU       acc= 86.60  ETA  39.4m
[seed 20]  57/100       SiLU+Mish      acc= 87.48  ETA  48.5m
[seed 30]  62/100       Mish+ELU       acc= 87.33  ETA  39.8m
[seed 50]  62/100       Mish+ELU       acc= 86.46  ETA  40.0m
[seed 10]  63/100       Mish+LeakyReLU acc= 85.79  ETA  38.3m
[seed 20]  58/100       SiLU+SELU      acc= 86.29  ETA  47.3m
[seed 40]  62/100       Mish+ELU       acc= 86.75  ETA  40.1m
[seed 30]  63/100       Mish+LeakyReLU acc= 86.82  ETA  38.7m
[seed 50]  63/100       Mish+LeakyReLU acc= 86.89  ETA  38.9m
[seed 10]  64/100       Mish+Tanh      acc= 87.55  ETA  37.4m
[seed 20]  59/100       SiLU+PReLU     acc= 87.28  ETA  46.3m
[seed 40]  63/100       Mish+LeakyReLU acc= 87.14  ETA  39.2m
[seed 30]  64/100       Mish+Tanh      acc= 86.75  ETA  37.7m
[seed 50]  64/100       Mish+Tanh      acc= 86.82  ETA  37.9m
[seed 10]  65/100       Mish+GELU      acc= 85.66  ETA  36.3m
[seed 40]  64/100       Mish+Tanh      acc= 85.64  ETA  38.0m
[seed 20]  60/100       SiLU+Hardswish acc= 87.21  ETA  45.2m
[seed 30]  65/100       Mish+GELU      acc= 87.05  ETA  36.6m
[seed 50]  65/100       Mish+GELU      acc= 87.29  ETA  36.9m
[seed 10]  66/100       Mish+SiLU      acc= 86.66  ETA  35.3m
[seed 40]  65/100       Mish+GELU      acc= 87.04  ETA  37.0m
[seed 30]  66/100       Mish+SiLU      acc= 86.91  ETA  35.6m
[seed 20]  61/100       Mish+ReLU      acc= 86.73  ETA  44.2m
[seed 10]  67/100       Mish+Mish      acc= 86.15  ETA  34.3m
[seed 50]  66/100       Mish+SiLU      acc= 86.73  ETA  35.9m
[seed 40]  66/100       Mish+SiLU      acc= 87.21  ETA  35.9m
[seed 30]  67/100       Mish+Mish      acc= 87.08  ETA  34.6m
[seed 20]  62/100       Mish+ELU       acc= 87.61  ETA  43.1m
[seed 40]  67/100       Mish+Mish      acc= 86.26  ETA  34.8m
[seed 50]  67/100       Mish+Mish      acc= 87.04  ETA  34.9m
[seed 10]  68/100       Mish+SELU      acc= 86.68  ETA  33.4m
[seed 30]  68/100       Mish+SELU      acc= 86.68  ETA  33.5m
[seed 20]  63/100       Mish+LeakyReLU acc= 86.62  ETA  41.9m
[seed 40]  68/100       Mish+SELU      acc= 86.20  ETA  33.7m
[seed 10]  69/100       Mish+PReLU     acc= 86.40  ETA  32.3m
[seed 50]  68/100       Mish+SELU      acc= 87.25  ETA  33.9m
[seed 30]  69/100       Mish+PReLU     acc= 87.00  ETA  32.4m
[seed 20]  64/100       Mish+Tanh      acc= 87.18  ETA  40.8m
[seed 40]  69/100       Mish+PReLU     acc= 86.46  ETA  32.7m
[seed 50]  69/100       Mish+PReLU     acc= 86.34  ETA  32.8m
[seed 10]  70/100       Mish+Hardswish acc= 87.47  ETA  31.4m
[seed 30]  70/100       Mish+Hardswish acc= 86.85  ETA  31.4m
[seed 40]  70/100       Mish+Hardswish acc= 86.33  ETA  31.6m
[seed 20]  65/100       Mish+GELU      acc= 87.45  ETA  39.7m
[seed 30]  71/100       SELU+ReLU      acc= 86.61  ETA  30.3m
[seed 50]  70/100       Mish+Hardswish acc= 86.52  ETA  31.9m
[seed 10]  71/100       SELU+ReLU      acc= 87.00  ETA  30.4m
[seed 40]  71/100       SELU+ReLU      acc= 86.58  ETA  30.5m
[seed 20]  66/100       Mish+SiLU      acc= 87.64  ETA  38.6m
[seed 30]  72/100       SELU+ELU       acc= 87.05  ETA  29.3m
[seed 50]  71/100       SELU+ReLU      acc= 86.58  ETA  30.8m
[seed 10]  72/100       SELU+ELU       acc= 86.90  ETA  29.4m
[seed 40]  72/100       SELU+ELU       acc= 86.86  ETA  29.5m
[seed 20]  67/100       Mish+Mish      acc= 87.56  ETA  37.6m
[seed 50]  72/100       SELU+ELU       acc= 86.79  ETA  29.7m
[seed 30]  73/100       SELU+LeakyReLU acc= 87.02  ETA  28.3m
[seed 10]  73/100       SELU+LeakyReLU acc= 87.58  ETA  28.4m
[seed 40]  73/100       SELU+LeakyReLU acc= 86.70  ETA  28.4m
[seed 20]  68/100       Mish+SELU      acc= 87.23  ETA  36.4m
[seed 30]  74/100       SELU+Tanh      acc= 87.05  ETA  27.2m
[seed 50]  73/100       SELU+LeakyReLU acc= 86.48  ETA  28.7m
[seed 40]  74/100       SELU+Tanh      acc= 85.47  ETA  27.3m
[seed 10]  74/100       SELU+Tanh      acc= 87.55  ETA  27.3m
[seed 30]  75/100       SELU+GELU      acc= 85.90  ETA  26.1m
[seed 50]  74/100       SELU+Tanh      acc= 86.33  ETA  27.6m
[seed 20]  69/100       Mish+PReLU     acc= 86.68  ETA  35.4m
[seed 40]  75/100       SELU+GELU      acc= 86.86  ETA  26.2m
[seed 10]  75/100       SELU+GELU      acc= 86.43  ETA  26.2m
[seed 30]  76/100       SELU+SiLU      acc= 86.49  ETA  25.1m
[seed 50]  75/100       SELU+GELU      acc= 86.40  ETA  26.5m
[seed 20]  70/100       Mish+Hardswish acc= 87.32  ETA  34.1m
[seed 40]  76/100       SELU+SiLU      acc= 87.23  ETA  25.2m
[seed 10]  76/100       SELU+SiLU      acc= 87.46  ETA  25.2m
[seed 50]  76/100       SELU+SiLU      acc= 86.79  ETA  25.4m
[seed 20]  71/100       SELU+ReLU      acc= 86.61  ETA  32.9m
[seed 30]  77/100       SELU+Mish      acc= 87.20  ETA  24.1m
[seed 40]  77/100       SELU+Mish      acc= 86.66  ETA  24.1m
[seed 10]  77/100       SELU+Mish      acc= 86.78  ETA  24.2m
[seed 50]  77/100       SELU+Mish      acc= 86.32  ETA  24.3m
[seed 30]  78/100       SELU+SELU      acc= 87.14  ETA  23.0m
[seed 40]  78/100       SELU+SELU      acc= 86.51  ETA  23.1m
[seed 20]  72/100       SELU+ELU       acc= 85.78  ETA  31.8m
[seed 10]  78/100       SELU+SELU      acc= 85.70  ETA  23.1m
[seed 50]  78/100       SELU+SELU      acc= 85.52  ETA  23.2m
[seed 30]  79/100       SELU+PReLU     acc= 86.13  ETA  22.0m
[seed 20]  73/100       SELU+LeakyReLU acc= 87.23  ETA  30.7m
[seed 40]  79/100       SELU+PReLU     acc= 87.17  ETA  22.0m
[seed 10]  79/100       SELU+PReLU     acc= 86.57  ETA  22.1m
[seed 50]  79/100       SELU+PReLU     acc= 86.56  ETA  22.2m
[seed 30]  80/100       SELU+Hardswish acc= 86.96  ETA  20.9m
[seed 40]  80/100       SELU+Hardswish acc= 86.57  ETA  21.0m
[seed 20]  74/100       SELU+Tanh      acc= 86.80  ETA  29.5m
[seed 10]  80/100       SELU+Hardswish acc= 86.61  ETA  21.0m
[seed 50]  80/100       SELU+Hardswish acc= 86.70  ETA  21.1m
[seed 40]  81/100      PReLU+ReLU      acc= 86.61  ETA  19.9m
[seed 30]  81/100      PReLU+ReLU      acc= 86.75  ETA  19.9m
[seed 10]  81/100      PReLU+ReLU      acc= 86.90  ETA  20.0m
[seed 20]  75/100       SELU+GELU      acc= 86.72  ETA  28.4m
[seed 50]  81/100      PReLU+ReLU      acc= 86.87  ETA  20.1m
[seed 30]  82/100      PReLU+ELU       acc= 87.32  ETA  18.8m
[seed 40]  82/100      PReLU+ELU       acc= 86.50  ETA  18.9m
[seed 10]  82/100      PReLU+ELU       acc= 87.34  ETA  18.9m
[seed 50]  82/100      PReLU+ELU       acc= 86.56  ETA  19.0m
[seed 20]  76/100       SELU+SiLU      acc= 87.04  ETA  27.3m
[seed 30]  83/100      PReLU+LeakyReLU acc= 87.39  ETA  17.8m
[seed 40]  83/100      PReLU+LeakyReLU acc= 86.58  ETA  17.8m
[seed 10]  83/100      PReLU+LeakyReLU acc= 86.31  ETA  17.9m
[seed 20]  77/100       SELU+Mish      acc= 87.31  ETA  26.1m
[seed 50]  83/100      PReLU+LeakyReLU acc= 87.05  ETA  17.9m
[seed 30]  84/100      PReLU+Tanh      acc= 86.36  ETA  16.7m
[seed 40]  84/100      PReLU+Tanh      acc= 87.09  ETA  16.8m
[seed 10]  84/100      PReLU+Tanh      acc= 86.99  ETA  16.8m
[seed 20]  78/100       SELU+SELU      acc= 86.92  ETA  25.0m
[seed 50]  84/100      PReLU+Tanh      acc= 87.14  ETA  16.9m
[seed 30]  85/100      PReLU+GELU      acc= 86.68  ETA  15.7m
[seed 40]  85/100      PReLU+GELU      acc= 86.15  ETA  15.7m
[seed 10]  85/100      PReLU+GELU      acc= 87.03  ETA  15.8m
[seed 20]  79/100       SELU+PReLU     acc= 87.17  ETA  23.9m
[seed 50]  85/100      PReLU+GELU      acc= 86.53  ETA  15.9m
[seed 30]  86/100      PReLU+SiLU      acc= 87.14  ETA  14.6m
[seed 40]  86/100      PReLU+SiLU      acc= 86.42  ETA  14.7m
[seed 10]  86/100      PReLU+SiLU      acc= 87.68  ETA  14.7m
[seed 50]  86/100      PReLU+SiLU      acc= 86.76  ETA  14.8m
[seed 20]  80/100       SELU+Hardswish acc= 87.44  ETA  22.8m
[seed 40]  87/100      PReLU+Mish      acc= 86.38  ETA  13.6m
[seed 30]  87/100      PReLU+Mish      acc= 86.27  ETA  13.6m
[seed 10]  87/100      PReLU+Mish      acc= 87.05  ETA  13.7m
[seed 40]  88/100      PReLU+SELU      acc= 85.97  ETA  12.5m
[seed 50]  87/100      PReLU+Mish      acc= 87.27  ETA  13.7m
[seed 20]  81/100      PReLU+ReLU      acc= 87.16  ETA  21.6m
[seed 30]  88/100      PReLU+SELU      acc= 86.35  ETA  12.6m
[seed 10]  88/100      PReLU+SELU      acc= 86.87  ETA  12.7m
[seed 50]  88/100      PReLU+SELU      acc= 86.53  ETA  12.7m
[seed 40]  89/100      PReLU+PReLU     acc= 87.11  ETA  11.5m
[seed 30]  89/100      PReLU+PReLU     acc= 86.06  ETA  11.5m
[seed 20]  82/100      PReLU+ELU       acc= 87.35  ETA  20.5m
[seed 10]  89/100      PReLU+PReLU     acc= 86.92  ETA  11.6m
[seed 50]  89/100      PReLU+PReLU     acc= 86.96  ETA  11.6m
[seed 30]  90/100      PReLU+Hardswish acc= 86.78  ETA  10.5m
[seed 20]  83/100      PReLU+LeakyReLU acc= 87.09  ETA  19.3m
[seed 40]  90/100      PReLU+Hardswish acc= 86.77  ETA  10.5m
[seed 10]  90/100      PReLU+Hardswish acc= 85.07  ETA  10.5m
[seed 50]  90/100      PReLU+Hardswish acc= 86.63  ETA  10.6m
[seed 30]  91/100  Hardswish+ReLU      acc= 87.02  ETA   9.4m
[seed 20]  84/100      PReLU+Tanh      acc= 87.02  ETA  18.2m
[seed 40]  91/100  Hardswish+ReLU      acc= 86.54  ETA   9.4m
[seed 10]  91/100  Hardswish+ReLU      acc= 87.28  ETA   9.5m
[seed 50]  91/100  Hardswish+ReLU      acc= 86.44  ETA   9.5m
[seed 40]  92/100  Hardswish+ELU       acc= 86.43  ETA   8.4m
[seed 30]  92/100  Hardswish+ELU       acc= 87.53  ETA   8.4m
[seed 20]  85/100      PReLU+GELU      acc= 87.19  ETA  17.1m
[seed 10]  92/100  Hardswish+ELU       acc= 86.58  ETA   8.4m
[seed 50]  92/100  Hardswish+ELU       acc= 86.32  ETA   8.5m
[seed 30]  93/100  Hardswish+LeakyReLU acc= 87.37  ETA   7.3m
[seed 40]  93/100  Hardswish+LeakyReLU acc= 86.83  ETA   7.3m
[seed 20]  86/100      PReLU+SiLU      acc= 87.63  ETA  15.9m
[seed 10]  93/100  Hardswish+LeakyReLU acc= 86.99  ETA   7.4m
[seed 50]  93/100  Hardswish+LeakyReLU acc= 87.41  ETA   7.4m
[seed 40]  94/100  Hardswish+Tanh      acc= 86.57  ETA   6.3m
[seed 30]  94/100  Hardswish+Tanh      acc= 87.38  ETA   6.3m
[seed 20]  87/100      PReLU+Mish      acc= 87.20  ETA  14.8m
[seed 10]  94/100  Hardswish+Tanh      acc= 87.34  ETA   6.3m
[seed 40]  95/100  Hardswish+GELU      acc= 87.79  ETA   5.2m
[seed 30]  95/100  Hardswish+GELU      acc= 87.29  ETA   5.2m
[seed 50]  94/100  Hardswish+Tanh      acc= 87.18  ETA   6.4m
[seed 20]  88/100      PReLU+SELU      acc= 87.19  ETA  13.6m
[seed 10]  95/100  Hardswish+GELU      acc= 86.73  ETA   5.3m
[seed 40]  96/100  Hardswish+SiLU      acc= 85.88  ETA   4.2m
[seed 30]  96/100  Hardswish+SiLU      acc= 87.07  ETA   4.2m
[seed 50]  95/100  Hardswish+GELU      acc= 86.78  ETA   5.3m
[seed 10]  96/100  Hardswish+SiLU      acc= 86.28  ETA   4.2m
[seed 20]  89/100      PReLU+PReLU     acc= 86.26  ETA  12.5m
[seed 40]  97/100  Hardswish+Mish      acc= 86.75  ETA   3.1m
[seed 50]  96/100  Hardswish+SiLU      acc= 86.76  ETA   4.2m
[seed 30]  97/100  Hardswish+Mish      acc= 86.74  ETA   3.1m
[seed 10]  97/100  Hardswish+Mish      acc= 87.33  ETA   3.2m
[seed 20]  90/100      PReLU+Hardswish acc= 86.58  ETA  11.4m
[seed 40]  98/100  Hardswish+SELU      acc= 86.40  ETA   2.1m
[seed 50]  97/100  Hardswish+Mish      acc= 86.43  ETA   3.2m
[seed 30]  98/100  Hardswish+SELU      acc= 86.63  ETA   2.1m
[seed 10]  98/100  Hardswish+SELU      acc= 86.33  ETA   2.1m
[seed 40]  99/100  Hardswish+PReLU     acc= 86.62  ETA   1.0m
[seed 20]  91/100  Hardswish+ReLU      acc= 86.96  ETA  10.2m
[seed 30]  99/100  Hardswish+PReLU     acc= 86.02  ETA   1.0m
[seed 50]  98/100  Hardswish+SELU      acc= 87.01  ETA   2.1m
[seed 10]  99/100  Hardswish+PReLU     acc= 86.43  ETA   1.1m
[seed 20]  92/100  Hardswish+ELU       acc= 86.42  ETA   9.1m
[seed 40] 100/100  Hardswish+Hardswish acc= 86.02  ETA   0.0m
[seed 40] DONE in 104.6 min -> BiLSTM+BiLSTM_5_seed_variance_results\seed_40.csv
[seed 30] 100/100  Hardswish+Hardswish acc= 87.23  ETA   0.0m
[seed 30] DONE in 104.8 min -> BiLSTM+BiLSTM_5_seed_variance_results\seed_30.csv
[seed 50]  99/100  Hardswish+PReLU     acc= 86.67  ETA   1.1m
[seed 10] 100/100  Hardswish+Hardswish acc= 86.57  ETA   0.0m
[seed 10] DONE in 105.0 min -> BiLSTM+BiLSTM_5_seed_variance_results\seed_10.csv
[seed 20]  93/100  Hardswish+LeakyReLU acc= 85.30  ETA   7.9m
[seed 50] 100/100  Hardswish+Hardswish acc= 86.80  ETA   0.0m
[seed 50] DONE in 105.3 min -> BiLSTM+BiLSTM_5_seed_variance_results\seed_50.csv
[seed 20]  94/100  Hardswish+Tanh      acc= 86.85  ETA   6.7m
[seed 20]  95/100  Hardswish+GELU      acc= 85.77  ETA   5.6m
[seed 20]  96/100  Hardswish+SiLU      acc= 86.96  ETA   4.4m
[seed 20]  97/100  Hardswish+Mish      acc= 86.20  ETA   3.3m
[seed 20]  98/100  Hardswish+SELU      acc= 87.58  ETA   2.2m
[seed 20]  99/100  Hardswish+PReLU     acc= 86.19  ETA   1.1m
[seed 20] 100/100  Hardswish+Hardswish acc= 87.40  ETA   0.0m
[seed 20] DONE in 107.7 min -> BiLSTM+BiLSTM_5_seed_variance_results\seed_20.csv

  workers finished with codes [0, 0, 0, 0, 0] in 107.7 min

[4/4] Merging and summarising ...

======================================================================
BiLSTM+BiLSTM: 500 runs over 5 seeds -> 100 cells
======================================================================
  all runs      -> BiLSTM+BiLSTM_5_seed_variance_results\all_runs.csv
  per-cell mean -> BiLSTM+BiLSTM_5_seed_variance_results\mean_100_cells.csv

  per-cell std: 0.18 to 1.05 (median 0.48)

  top 5 cells by mean accuracy:
         ReLU + Hardswish  87.14 +/- 0.26
    LeakyReLU + Mish       87.13 +/- 0.27
        PReLU + SiLU       87.13 +/- 0.55
    Hardswish + Tanh       87.06 +/- 0.35
         GELU + Mish       87.06 +/- 0.31
