This is pdfTeX, Version 3.141592653-2.6-1.40.29 (MiKTeX 26.5) (preloaded format=pdflatex.fmt)
 restricted \write18 enabled.
entering extended mode
(camera_ready_submission.tex
LaTeX2e <2026-06-01>
L3 programming layer <2026-05-26>
(C:\Users\whelm\AppData\Local\Programs\MiKTeX\tex/latex/ieeetran\IEEEtran.cls
Document Class: IEEEtran 2015/08/26 V1.8b by Michael Shell
-- See the "IEEEtran_HOWTO" manual for usage information.
-- http://www.michaelshell.org/tex/ieeetran/
(C:\Users\whelm\AppData\Local\Programs\MiKTeX\tex/latex/psnfss\ot1ptm.fd)
-- Using 210mm x 297mm (a4) paper.
-- Using PDF output.
-- This is a 10 point document.
)
** ATTENTION: Overriding command lockouts (line 2).
(C:\Users\whelm\AppData\Local\Programs\MiKTeX\tex/latex/base\fontenc.sty
(C:\Users\whelm\AppData\Local\Programs\MiKTeX\tex/latex/psnfss\t1ptm.fd))
(C:\Users\whelm\AppData\Local\Programs\MiKTeX\tex/latex/cite\cite.sty)
(C:\Users\whelm\AppData\Local\Programs\MiKTeX\tex/latex/amsmath\amsmath.sty
For additional information on amsmath, use the `?' option.
(C:\Users\whelm\AppData\Local\Programs\MiKTeX\tex/latex/amsmath\amstext.sty
(C:\Users\whelm\AppData\Local\Programs\MiKTeX\tex/latex/amsmath\amsgen.sty))
(C:\Users\whelm\AppData\Local\Programs\MiKTeX\tex/latex/amsmath\amsbsy.sty)
(C:\Users\whelm\AppData\Local\Programs\MiKTeX\tex/latex/amsmath\amsopn.sty))
(C:\Users\whelm\AppData\Local\Programs\MiKTeX\tex/latex/amsfonts\amssymb.sty
(C:\Users\whelm\AppData\Local\Programs\MiKTeX\tex/latex/amsfonts\amsfonts.sty))

(C:\Users\whelm\AppData\Local\Programs\MiKTeX\tex/latex/algorithms\algorithmic.
sty (C:\Users\whelm\AppData\Local\Programs\MiKTeX\tex/latex/base\ifthen.sty)
(C:\Users\whelm\AppData\Local\Programs\MiKTeX\tex/latex/graphics\keyval.sty))
(C:\Users\whelm\AppData\Local\Programs\MiKTeX\tex/latex/graphics\graphicx.sty
(C:\Users\whelm\AppData\Local\Programs\MiKTeX\tex/latex/graphics\graphics.sty
(C:\Users\whelm\AppData\Local\Programs\MiKTeX\tex/latex/graphics\trig.sty)
(C:\Users\whelm\AppData\Local\Programs\MiKTeX\tex/latex/graphics-cfg\graphics.c
fg)
(C:\Users\whelm\AppData\Local\Programs\MiKTeX\tex/latex/graphics-def\pdftex.def
))) (C:\Users\whelm\AppData\Local\Programs\MiKTeX\tex/latex/base\textcomp.sty)
(C:\Users\whelm\AppData\Local\Programs\MiKTeX\tex/latex/xcolor\xcolor.sty
(C:\Users\whelm\AppData\Local\Programs\MiKTeX\tex/latex/graphics-cfg\color.cfg)
(C:\Users\whelm\AppData\Local\Programs\MiKTeX\tex/latex/graphics\mathcolor.ltx)
)
(C:\Users\whelm\AppData\Local\Programs\MiKTeX\tex/latex/microtype\microtype.sty
(C:\Users\whelm\AppData\Local\Programs\MiKTeX\tex/latex/etoolbox\etoolbox.sty)
(C:\Users\whelm\AppData\Local\Programs\MiKTeX\tex/latex/microtype\microtype-pdf
tex.def)
(C:\Users\whelm\AppData\Local\Programs\MiKTeX\tex/latex/microtype\microtype.cfg
)) (C:\Users\whelm\AppData\Local\Programs\MiKTeX\tex/latex/tools\array.sty)
(C:\Users\whelm\AppData\Local\Programs\MiKTeX\tex/latex/booktabs\booktabs.sty)
(C:\Users\whelm\AppData\Local\Programs\MiKTeX\tex/latex/placeins\placeins.sty)
(C:\Users\whelm\AppData\Local\Programs\MiKTeX\tex/latex/fancyhdr\fancyhdr.sty)
(C:\Users\whelm\AppData\Local\Programs\MiKTeX\tex/latex/hyperref\hyperref.sty
(C:\Users\whelm\AppData\Local\Programs\MiKTeX\tex/generic/iftex\iftex.sty)
(C:\Users\whelm\AppData\Local\Programs\MiKTeX\tex/latex/kvsetkeys\kvsetkeys.sty
)
(C:\Users\whelm\AppData\Local\Programs\MiKTeX\tex/generic/kvdefinekeys\kvdefine
keys.sty)
(C:\Users\whelm\AppData\Local\Programs\MiKTeX\tex/generic/pdfescape\pdfescape.s
ty
(C:\Users\whelm\AppData\Local\Programs\MiKTeX\tex/generic/ltxcmds\ltxcmds.sty)
(C:\Users\whelm\AppData\Local\Programs\MiKTeX\tex/generic/pdftexcmds\pdftexcmds
.sty
(C:\Users\whelm\AppData\Local\Programs\MiKTeX\tex/generic/infwarerr\infwarerr.s
ty)))
(C:\Users\whelm\AppData\Local\Programs\MiKTeX\tex/latex/hycolor\hycolor.sty)
(C:\Users\whelm\AppData\Local\Programs\MiKTeX\tex/latex/hyperref\nameref.sty
(C:\Users\whelm\AppData\Local\Programs\MiKTeX\tex/latex/refcount\refcount.sty)
(C:\Users\whelm\AppData\Local\Programs\MiKTeX\tex/generic/gettitlestring\gettit
lestring.sty
(C:\Users\whelm\AppData\Local\Programs\MiKTeX\tex/latex/kvoptions\kvoptions.sty
)))
(C:\Users\whelm\AppData\Local\Programs\MiKTeX\tex/generic/stringenc\stringenc.s
ty) (C:\Users\whelm\AppData\Local\Programs\MiKTeX\tex/latex/hyperref\pd1enc.def
) (C:\Users\whelm\AppData\Local\Programs\MiKTeX\tex/generic/intcalc\intcalc.sty
) (C:\Users\whelm\AppData\Local\Programs\MiKTeX\tex/latex/hyperref\puenc.def)
(C:\Users\whelm\AppData\Local\Programs\MiKTeX\tex/latex/url\url.sty)
(C:\Users\whelm\AppData\Local\Programs\MiKTeX\tex/generic/bitset\bitset.sty
(C:\Users\whelm\AppData\Local\Programs\MiKTeX\tex/generic/bigintcalc\bigintcalc
.sty)))
(C:\Users\whelm\AppData\Local\Programs\MiKTeX\tex/latex/hyperref\hpdftex.def
(C:\Users\whelm\AppData\Local\Programs\MiKTeX\tex/latex/rerunfilecheck\rerunfil
echeck.sty
(C:\Users\whelm\AppData\Local\Programs\MiKTeX\tex/generic/uniquecounter\uniquec
ounter.sty)))
(C:\Users\whelm\AppData\Local\Programs\MiKTeX\tex/latex/l3backend\l3backend-pdf
tex.def) (camera_ready_submission.aux)
-- Lines per column: 56 (exact).

(C:\Users\whelm\AppData\Local\Programs\MiKTeX\tex/context/base/mkii\supp-pdf.mk
ii
[Loading MPS to PDF converter (version 2006.09.02).]
)
(C:\Users\whelm\AppData\Local\Programs\MiKTeX\tex/latex/epstopdf-pkg\epstopdf-b
ase.sty
(C:\Users\whelm\AppData\Local\Programs\MiKTeX\tex/latex/00miktex\epstopdf-sys.c
fg))
(C:\Users\whelm\AppData\Local\Programs\MiKTeX\tex/latex/microtype\mt-ptm.cfg)
(camera_ready_submission.out) (camera_ready_submission.out)
(C:\Users\whelm\AppData\Local\Programs\MiKTeX\tex/latex/microtype\mt-cmr.cfg)
(C:\Users\whelm\AppData\Local\Programs\MiKTeX\tex/latex/amsfonts\umsa.fd)
(C:\Users\whelm\AppData\Local\Programs\MiKTeX\tex/latex/microtype\mt-msa.cfg)
(C:\Users\whelm\AppData\Local\Programs\MiKTeX\tex/latex/amsfonts\umsb.fd)
(C:\Users\whelm\AppData\Local\Programs\MiKTeX\tex/latex/microtype\mt-msb.cfg)

Package fancyhdr Warning: \headheight is too small (12.0pt): 
(fancyhdr)                Make it at least 18.05034pt, for example:
(fancyhdr)                \setlength{\headheight}{18.05034pt}.
(fancyhdr)                You might also make \topmargin smaller:
(fancyhdr)                \addtolength{\topmargin}{-6.05034pt}.

(C:\Users\whelm\AppData\Local\Programs\MiKTeX\tex/latex/psnfss\ts1ptm.fd)
[1{C:/Users/whelm/AppData/Local/MiKTeX/fonts/map/pdftex/pdftex.map}{C:/Users/wh
elm/AppData/Local/Programs/MiKTeX/fonts/enc/dvips/base/8r.enc}]
(C:\Users\whelm\AppData\Local\Programs\MiKTeX\tex/latex/psnfss\t1pcr.fd)
[2] (tables/tab5_variance.tex) (tables/tab4_architecture.tex) [3]
(tables/tab6_top10.tex) (tables/tab8_reproducibility.tex)
(tables/tab9_convergence.tex) [4 <./assets/architecture_spread.pdf>] [5 <./asse
ts/convergence_curves.pdf>]

** Conference Paper **
Before submitting the final camera ready copy, remember to:

 1. Manually equalize the lengths of two columns on the last page
 of your paper;

 2. Ensure that any PostScript and/or PDF output post-processing
 uses only Type 1 fonts and that every step in the generation
 process uses the appropriate paper size.

[6] (camera_ready_submission.aux) )<C:/Users/whelm/AppData/Local/Programs/MiKTe
X/fonts/type1/public/amsfonts/cm/cmmi10.pfb><C:/Users/whelm/AppData/Local/Progr
ams/MiKTeX/fonts/type1/public/amsfonts/cm/cmmi6.pfb><C:/Users/whelm/AppData/Loc
al/Programs/MiKTeX/fonts/type1/public/amsfonts/cm/cmmi8.pfb><C:/Users/whelm/App
Data/Local/Programs/MiKTeX/fonts/type1/public/amsfonts/cm/cmmi9.pfb><C:/Users/w
helm/AppData/Local/Programs/MiKTeX/fonts/type1/public/amsfonts/cm/cmr10.pfb><C:
/Users/whelm/AppData/Local/Programs/MiKTeX/fonts/type1/public/amsfonts/cm/cmr6.
pfb><C:/Users/whelm/AppData/Local/Programs/MiKTeX/fonts/type1/public/amsfonts/c
m/cmr7.pfb><C:/Users/whelm/AppData/Local/Programs/MiKTeX/fonts/type1/public/ams
fonts/cm/cmr8.pfb><C:/Users/whelm/AppData/Local/Programs/MiKTeX/fonts/type1/pub
lic/amsfonts/cm/cmr9.pfb><C:/Users/whelm/AppData/Local/Programs/MiKTeX/fonts/ty
pe1/public/amsfonts/cm/cmsy10.pfb><C:/Users/whelm/AppData/Local/Programs/MiKTeX
/fonts/type1/public/amsfonts/cm/cmsy6.pfb><C:/Users/whelm/AppData/Local/Program
s/MiKTeX/fonts/type1/public/amsfonts/cm/cmsy7.pfb><C:/Users/whelm/AppData/Local
/Programs/MiKTeX/fonts/type1/public/amsfonts/cm/cmsy8.pfb><C:/Users/whelm/AppDa
ta/Local/Programs/MiKTeX/fonts/type1/public/amsfonts/cm/cmsy9.pfb><C:/Users/whe
lm/AppData/Local/Programs/MiKTeX/fonts/type1/urw/courier/ucrr8a.pfb><C:/Users/w
helm/AppData/Local/Programs/MiKTeX/fonts/type1/urw/times/utmb8a.pfb><C:/Users/w
helm/AppData/Local/Programs/MiKTeX/fonts/type1/urw/times/utmbi8a.pfb><C:/Users/
whelm/AppData/Local/Programs/MiKTeX/fonts/type1/urw/times/utmr8a.pfb><C:/Users/
whelm/AppData/Local/Programs/MiKTeX/fonts/type1/urw/times/utmri8a.pfb>
Output written on camera_ready_submission.pdf (6 pages, 358518 bytes).
Transcript written on camera_ready_submission.log.
