Device : cuda
GPU    : NVIDIA GeForce RTX 5080
======================================================================
FULL 5-SEED SWEEP  --  BiGRU+BiGRU
  100 cells x 5 seeds [10, 20, 30, 40, 50] = 500 runs
  output: BiGRU+BiGRU_5_seed_variance_results/
======================================================================

[1/4] Preparing data cache ...
  cache hit: cache\sweep_data

[2/4] Preflight skipped (--preflight to enable)

[3/4] Launching 5 workers, one per seed ...

Device : cuda
GPU    : NVIDIA GeForce RTX 5080
[seed 30]   1/100       ReLU+ReLU      acc= 87.55  ETA  83.9m
Device : cuda
GPU    : NVIDIA GeForce RTX 5080
[seed 10]   1/100       ReLU+ReLU      acc= 87.79  ETA  83.9m
Device : cuda
GPU    : NVIDIA GeForce RTX 5080
[seed 20]   1/100       ReLU+ReLU      acc= 87.40  ETA  83.9m
Device : cuda
GPU    : NVIDIA GeForce RTX 5080
[seed 40]   1/100       ReLU+ReLU      acc= 87.35  ETA  84.0m
Device : cuda
GPU    : NVIDIA GeForce RTX 5080
[seed 50]   1/100       ReLU+ReLU      acc= 87.70  ETA  83.9m
[seed 10]   2/100       ReLU+ELU       acc= 87.28  ETA  75.3m
[seed 40]   2/100       ReLU+ELU       acc= 87.02  ETA  75.3m
[seed 20]   2/100       ReLU+ELU       acc= 87.60  ETA  81.8m
[seed 30]   2/100       ReLU+ELU       acc= 87.19  ETA  81.9m
[seed 50]   2/100       ReLU+ELU       acc= 87.92  ETA  81.9m
[seed 10]   3/100       ReLU+LeakyReLU acc= 87.44  ETA  76.3m
[seed 40]   3/100       ReLU+LeakyReLU acc= 86.79  ETA  76.3m
[seed 20]   3/100       ReLU+LeakyReLU acc= 87.38  ETA  80.6m
[seed 30]   3/100       ReLU+LeakyReLU acc= 88.11  ETA  80.7m
[seed 50]   3/100       ReLU+LeakyReLU acc= 87.65  ETA  80.7m
[seed 40]   4/100       ReLU+Tanh      acc= 86.95  ETA  73.2m
[seed 10]   4/100       ReLU+Tanh      acc= 87.65  ETA  76.3m
[seed 20]   4/100       ReLU+Tanh      acc= 87.72  ETA  79.5m
[seed 30]   4/100       ReLU+Tanh      acc= 87.57  ETA  79.6m
[seed 50]   4/100       ReLU+Tanh      acc= 87.68  ETA  79.6m
[seed 40]   5/100       ReLU+GELU      acc= 87.74  ETA  73.5m
[seed 10]   5/100       ReLU+GELU      acc= 87.54  ETA  76.0m
[seed 20]   5/100       ReLU+GELU      acc= 87.26  ETA  78.5m
[seed 50]   5/100       ReLU+GELU      acc= 87.53  ETA  78.6m
[seed 30]   5/100       ReLU+GELU      acc= 87.90  ETA  78.7m
[seed 40]   6/100       ReLU+SiLU      acc= 87.52  ETA  73.5m
[seed 10]   6/100       ReLU+SiLU      acc= 87.12  ETA  75.5m
[seed 20]   6/100       ReLU+SiLU      acc= 87.54  ETA  77.6m
[seed 50]   6/100       ReLU+SiLU      acc= 87.58  ETA  77.7m
[seed 30]   6/100       ReLU+SiLU      acc= 87.81  ETA  77.7m
[seed 10]   7/100       ReLU+Mish      acc= 87.36  ETA  73.4m
[seed 40]   7/100       ReLU+Mish      acc= 87.09  ETA  73.6m
[seed 20]   7/100       ReLU+Mish      acc= 87.40  ETA  77.0m
[seed 50]   7/100       ReLU+Mish      acc= 87.81  ETA  77.1m
[seed 30]   7/100       ReLU+Mish      acc= 87.81  ETA  77.1m
[seed 10]   8/100       ReLU+SELU      acc= 86.92  ETA  71.4m
[seed 40]   8/100       ReLU+SELU      acc= 87.68  ETA  73.1m
[seed 20]   8/100       ReLU+SELU      acc= 87.44  ETA  76.1m
[seed 50]   8/100       ReLU+SELU      acc= 87.57  ETA  76.2m
[seed 30]   8/100       ReLU+SELU      acc= 86.97  ETA  76.2m
[seed 10]   9/100       ReLU+PReLU     acc= 87.54  ETA  71.0m
[seed 40]   9/100       ReLU+PReLU     acc= 87.69  ETA  72.6m
[seed 20]   9/100       ReLU+PReLU     acc= 87.41  ETA  75.3m
[seed 50]   9/100       ReLU+PReLU     acc= 87.65  ETA  75.3m
[seed 30]   9/100       ReLU+PReLU     acc= 87.77  ETA  75.4m
[seed 10]  10/100       ReLU+Hardswish acc= 87.12  ETA  70.6m
[seed 40]  10/100       ReLU+Hardswish acc= 87.48  ETA  72.0m
[seed 20]  10/100       ReLU+Hardswish acc= 87.29  ETA  74.4m
[seed 50]  10/100       ReLU+Hardswish acc= 87.83  ETA  74.4m
[seed 30]  10/100       ReLU+Hardswish acc= 87.90  ETA  74.5m
[seed 10]  11/100        ELU+ReLU      acc= 87.30  ETA  70.1m
[seed 40]  11/100        ELU+ReLU      acc= 86.99  ETA  71.4m
[seed 20]  11/100        ELU+ReLU      acc= 87.32  ETA  73.5m
[seed 50]  11/100        ELU+ReLU      acc= 87.81  ETA  73.6m
[seed 30]  11/100        ELU+ReLU      acc= 87.41  ETA  73.6m
[seed 10]  12/100        ELU+ELU       acc= 87.36  ETA  68.6m
[seed 40]  12/100        ELU+ELU       acc= 87.72  ETA  71.8m
[seed 20]  12/100        ELU+ELU       acc= 87.73  ETA  72.7m
[seed 50]  12/100        ELU+ELU       acc= 87.55  ETA  72.7m
[seed 30]  12/100        ELU+ELU       acc= 87.56  ETA  72.8m
[seed 10]  13/100        ELU+LeakyReLU acc= 87.36  ETA  67.2m
[seed 40]  13/100        ELU+LeakyReLU acc= 87.17  ETA  71.0m
[seed 10]  14/100        ELU+Tanh      acc= 87.14  ETA  65.9m
[seed 20]  13/100        ELU+LeakyReLU acc= 87.67  ETA  71.8m
[seed 30]  13/100        ELU+LeakyReLU acc= 87.31  ETA  71.9m
[seed 50]  13/100        ELU+LeakyReLU acc= 87.96  ETA  72.8m
[seed 40]  14/100        ELU+Tanh      acc= 87.19  ETA  69.4m
[seed 10]  15/100        ELU+GELU      acc= 87.36  ETA  65.5m
[seed 20]  14/100        ELU+Tanh      acc= 87.57  ETA  71.0m
[seed 30]  14/100        ELU+Tanh      acc= 87.73  ETA  71.1m
[seed 50]  14/100        ELU+Tanh      acc= 87.73  ETA  71.9m
[seed 40]  15/100        ELU+GELU      acc= 87.30  ETA  67.9m
[seed 10]  16/100        ELU+SiLU      acc= 87.22  ETA  65.0m
[seed 20]  15/100        ELU+GELU      acc= 87.53  ETA  70.1m
[seed 30]  15/100        ELU+GELU      acc= 87.69  ETA  70.2m
[seed 50]  15/100        ELU+GELU      acc= 87.65  ETA  71.0m
[seed 40]  16/100        ELU+SiLU      acc= 86.91  ETA  66.5m
[seed 10]  17/100        ELU+Mish      acc= 87.46  ETA  63.9m
[seed 20]  16/100        ELU+SiLU      acc= 87.36  ETA  69.2m
[seed 30]  16/100        ELU+SiLU      acc= 87.51  ETA  69.4m
[seed 50]  16/100        ELU+SiLU      acc= 87.78  ETA  70.0m
[seed 40]  17/100        ELU+Mish      acc= 86.66  ETA  66.0m
[seed 10]  18/100        ELU+SELU      acc= 87.24  ETA  62.7m
[seed 20]  17/100        ELU+Mish      acc= 87.36  ETA  68.6m
[seed 30]  17/100        ELU+Mish      acc= 87.42  ETA  68.7m
[seed 50]  17/100        ELU+Mish      acc= 87.59  ETA  69.3m
[seed 40]  18/100        ELU+SELU      acc= 86.88  ETA  64.7m
[seed 10]  19/100        ELU+PReLU     acc= 87.41  ETA  61.6m
[seed 20]  18/100        ELU+SELU      acc= 87.47  ETA  67.7m
[seed 30]  18/100        ELU+SELU      acc= 87.49  ETA  67.8m
[seed 50]  18/100        ELU+SELU      acc= 87.52  ETA  68.4m
[seed 40]  19/100        ELU+PReLU     acc= 87.10  ETA  64.1m
[seed 10]  20/100        ELU+Hardswish acc= 87.27  ETA  61.1m
[seed 20]  19/100        ELU+PReLU     acc= 87.29  ETA  66.9m
[seed 40]  20/100        ELU+Hardswish acc= 87.18  ETA  62.9m
[seed 30]  19/100        ELU+PReLU     acc= 87.80  ETA  67.0m
[seed 50]  19/100        ELU+PReLU     acc= 87.89  ETA  67.5m
[seed 10]  21/100  LeakyReLU+ReLU      acc= 87.42  ETA  60.6m
[seed 20]  20/100        ELU+Hardswish acc= 87.29  ETA  66.0m
[seed 40]  21/100  LeakyReLU+ReLU      acc= 87.01  ETA  62.2m
[seed 30]  20/100        ELU+Hardswish acc= 87.54  ETA  66.2m
[seed 10]  22/100  LeakyReLU+ELU       acc= 87.12  ETA  59.5m
[seed 50]  20/100        ELU+Hardswish acc= 87.86  ETA  67.2m
[seed 40]  22/100  LeakyReLU+ELU       acc= 87.02  ETA  61.1m
[seed 20]  21/100  LeakyReLU+ReLU      acc= 87.54  ETA  65.2m
[seed 30]  21/100  LeakyReLU+ReLU      acc= 87.39  ETA  65.3m
[seed 10]  23/100  LeakyReLU+LeakyReLU acc= 87.75  ETA  58.9m
[seed 50]  21/100  LeakyReLU+ReLU      acc= 87.58  ETA  66.3m
[seed 40]  23/100  LeakyReLU+LeakyReLU acc= 86.88  ETA  60.4m
[seed 20]  22/100  LeakyReLU+ELU       acc= 87.06  ETA  64.4m
[seed 30]  22/100  LeakyReLU+ELU       acc= 87.46  ETA  64.5m
[seed 10]  24/100  LeakyReLU+Tanh      acc= 87.22  ETA  57.9m
[seed 50]  22/100  LeakyReLU+ELU       acc= 87.68  ETA  65.4m
[seed 40]  24/100  LeakyReLU+Tanh      acc= 87.40  ETA  59.8m
[seed 20]  23/100  LeakyReLU+LeakyReLU acc= 87.48  ETA  63.5m
[seed 30]  23/100  LeakyReLU+LeakyReLU acc= 87.70  ETA  63.6m
[seed 10]  25/100  LeakyReLU+GELU      acc= 87.45  ETA  57.3m
[seed 50]  23/100  LeakyReLU+LeakyReLU acc= 87.43  ETA  64.5m
[seed 40]  25/100  LeakyReLU+GELU      acc= 87.25  ETA  59.1m
[seed 20]  24/100  LeakyReLU+Tanh      acc= 87.22  ETA  62.7m
[seed 10]  26/100  LeakyReLU+SiLU      acc= 87.15  ETA  56.7m
[seed 30]  24/100  LeakyReLU+Tanh      acc= 87.49  ETA  63.2m
[seed 50]  24/100  LeakyReLU+Tanh      acc= 87.57  ETA  63.6m
[seed 40]  26/100  LeakyReLU+SiLU      acc= 87.61  ETA  58.4m
[seed 20]  25/100  LeakyReLU+GELU      acc= 87.61  ETA  61.9m
[seed 30]  25/100  LeakyReLU+GELU      acc= 87.97  ETA  62.4m
[seed 10]  27/100  LeakyReLU+Mish      acc= 87.49  ETA  56.2m
[seed 50]  25/100  LeakyReLU+GELU      acc= 87.53  ETA  62.7m
[seed 40]  27/100  LeakyReLU+Mish      acc= 87.35  ETA  57.4m
[seed 20]  26/100  LeakyReLU+SiLU      acc= 87.50  ETA  61.0m
[seed 30]  26/100  LeakyReLU+SiLU      acc= 88.04  ETA  61.5m
[seed 10]  28/100  LeakyReLU+SELU      acc= 87.66  ETA  55.6m
[seed 50]  26/100  LeakyReLU+SiLU      acc= 87.46  ETA  61.9m
[seed 40]  28/100  LeakyReLU+SELU      acc= 87.54  ETA  56.7m
[seed 20]  27/100  LeakyReLU+Mish      acc= 87.05  ETA  60.3m
[seed 10]  29/100  LeakyReLU+PReLU     acc= 87.37  ETA  54.9m
[seed 30]  27/100  LeakyReLU+Mish      acc= 87.78  ETA  60.7m
[seed 50]  27/100  LeakyReLU+Mish      acc= 87.73  ETA  61.1m
[seed 40]  29/100  LeakyReLU+PReLU     acc= 87.05  ETA  56.0m
[seed 20]  28/100  LeakyReLU+SELU      acc= 87.84  ETA  59.4m
[seed 10]  30/100  LeakyReLU+Hardswish acc= 87.62  ETA  53.9m
[seed 50]  28/100  LeakyReLU+SELU      acc= 87.59  ETA  60.2m
[seed 30]  28/100  LeakyReLU+SELU      acc= 87.64  ETA  60.2m
[seed 40]  30/100  LeakyReLU+Hardswish acc= 87.29  ETA  55.0m
[seed 20]  29/100  LeakyReLU+PReLU     acc= 87.55  ETA  58.6m
[seed 10]  31/100       Tanh+ReLU      acc= 87.26  ETA  53.3m
[seed 50]  29/100  LeakyReLU+PReLU     acc= 87.31  ETA  59.3m
[seed 30]  29/100  LeakyReLU+PReLU     acc= 87.52  ETA  59.4m
[seed 40]  31/100       Tanh+ReLU      acc= 87.96  ETA  54.3m
[seed 10]  32/100       Tanh+ELU       acc= 87.03  ETA  52.3m
[seed 20]  30/100  LeakyReLU+Hardswish acc= 87.57  ETA  57.8m
[seed 50]  30/100  LeakyReLU+Hardswish acc= 87.80  ETA  58.5m
[seed 30]  30/100  LeakyReLU+Hardswish acc= 87.73  ETA  58.5m
[seed 40]  32/100       Tanh+ELU       acc= 86.83  ETA  53.3m
[seed 10]  33/100       Tanh+LeakyReLU acc= 87.67  ETA  51.7m
[seed 20]  31/100       Tanh+ReLU      acc= 87.49  ETA  56.9m
[seed 50]  31/100       Tanh+ReLU      acc= 87.57  ETA  57.6m
[seed 30]  31/100       Tanh+ReLU      acc= 87.74  ETA  57.6m
[seed 40]  33/100       Tanh+LeakyReLU acc= 88.27  ETA  52.9m
[seed 10]  34/100       Tanh+Tanh      acc= 87.19  ETA  51.0m
[seed 20]  32/100       Tanh+ELU       acc= 87.47  ETA  56.1m
[seed 50]  32/100       Tanh+ELU       acc= 87.44  ETA  56.8m
[seed 30]  32/100       Tanh+ELU       acc= 87.29  ETA  56.8m
[seed 40]  34/100       Tanh+Tanh      acc= 87.01  ETA  52.1m
[seed 20]  33/100       Tanh+LeakyReLU acc= 87.58  ETA  55.3m
[seed 10]  35/100       Tanh+GELU      acc= 87.67  ETA  50.6m
[seed 50]  33/100       Tanh+LeakyReLU acc= 87.91  ETA  55.9m
[seed 30]  33/100       Tanh+LeakyReLU acc= 87.19  ETA  55.9m
[seed 40]  35/100       Tanh+GELU      acc= 87.48  ETA  51.4m
[seed 20]  34/100       Tanh+Tanh      acc= 87.50  ETA  54.4m
[seed 10]  36/100       Tanh+SiLU      acc= 87.30  ETA  49.9m
[seed 50]  34/100       Tanh+Tanh      acc= 87.32  ETA  55.0m
[seed 30]  34/100       Tanh+Tanh      acc= 87.46  ETA  55.0m
[seed 40]  36/100       Tanh+SiLU      acc= 86.52  ETA  50.7m
[seed 10]  37/100       Tanh+Mish      acc= 87.47  ETA  49.0m
[seed 20]  35/100       Tanh+GELU      acc= 87.35  ETA  53.6m
[seed 50]  35/100       Tanh+GELU      acc= 87.55  ETA  54.2m
[seed 30]  35/100       Tanh+GELU      acc= 87.47  ETA  54.2m
[seed 40]  37/100       Tanh+Mish      acc= 87.04  ETA  49.7m
[seed 20]  36/100       Tanh+SiLU      acc= 87.72  ETA  52.8m
[seed 10]  38/100       Tanh+SELU      acc= 87.94  ETA  48.5m
[seed 50]  36/100       Tanh+SiLU      acc= 87.67  ETA  53.3m
[seed 30]  36/100       Tanh+SiLU      acc= 87.45  ETA  53.3m
[seed 40]  38/100       Tanh+SELU      acc= 86.37  ETA  49.0m
[seed 20]  37/100       Tanh+Mish      acc= 87.87  ETA  52.0m
[seed 10]  39/100       Tanh+PReLU     acc= 87.67  ETA  47.8m
[seed 50]  37/100       Tanh+Mish      acc= 87.60  ETA  52.5m
[seed 40]  39/100       Tanh+PReLU     acc= 87.10  ETA  48.3m
[seed 30]  37/100       Tanh+Mish      acc= 87.49  ETA  52.5m
[seed 10]  40/100       Tanh+Hardswish acc= 87.42  ETA  46.8m
[seed 20]  38/100       Tanh+SELU      acc= 87.59  ETA  51.2m
[seed 40]  40/100       Tanh+Hardswish acc= 86.58  ETA  47.5m
[seed 30]  38/100       Tanh+SELU      acc= 87.41  ETA  51.7m
[seed 50]  38/100       Tanh+SELU      acc= 87.50  ETA  51.9m
[seed 10]  41/100       GELU+ReLU      acc= 87.59  ETA  46.1m
[seed 20]  39/100       Tanh+PReLU     acc= 87.42  ETA  50.3m
[seed 40]  41/100       GELU+ReLU      acc= 87.36  ETA  46.8m
[seed 30]  39/100       Tanh+PReLU     acc= 87.70  ETA  50.8m
[seed 50]  39/100       Tanh+PReLU     acc= 87.64  ETA  51.0m
[seed 10]  42/100       GELU+ELU       acc= 87.41  ETA  45.2m
[seed 20]  40/100       Tanh+Hardswish acc= 87.62  ETA  49.5m
[seed 40]  42/100       GELU+ELU       acc= 87.26  ETA  46.0m
[seed 30]  40/100       Tanh+Hardswish acc= 87.47  ETA  50.0m
[seed 10]  43/100       GELU+LeakyReLU acc= 87.02  ETA  44.5m
[seed 50]  40/100       Tanh+Hardswish acc= 87.71  ETA  50.4m
[seed 20]  41/100       GELU+ReLU      acc= 87.11  ETA  48.7m
[seed 40]  43/100       GELU+LeakyReLU acc= 87.36  ETA  45.3m
[seed 30]  41/100       GELU+ReLU      acc= 87.87  ETA  49.1m
[seed 10]  44/100       GELU+Tanh      acc= 87.05  ETA  43.8m
[seed 50]  41/100       GELU+ReLU      acc= 87.71  ETA  49.5m
[seed 20]  42/100       GELU+ELU       acc= 87.65  ETA  47.8m
[seed 30]  42/100       GELU+ELU       acc= 87.67  ETA  48.3m
[seed 40]  44/100       GELU+Tanh      acc= 86.74  ETA  44.5m
[seed 10]  45/100       GELU+GELU      acc= 87.66  ETA  43.0m
[seed 50]  42/100       GELU+ELU       acc= 87.71  ETA  48.7m
[seed 20]  43/100       GELU+LeakyReLU acc= 86.98  ETA  47.0m
[seed 30]  43/100       GELU+LeakyReLU acc= 87.62  ETA  47.4m
[seed 40]  45/100       GELU+GELU      acc= 87.42  ETA  43.7m
[seed 10]  46/100       GELU+SiLU      acc= 87.46  ETA  42.3m
[seed 50]  43/100       GELU+LeakyReLU acc= 87.77  ETA  47.8m
[seed 20]  44/100       GELU+Tanh      acc= 87.49  ETA  46.2m
[seed 40]  46/100       GELU+SiLU      acc= 87.16  ETA  42.8m
[seed 30]  44/100       GELU+Tanh      acc= 87.58  ETA  46.6m
[seed 10]  47/100       GELU+Mish      acc= 87.34  ETA  41.4m
[seed 50]  44/100       GELU+Tanh      acc= 87.80  ETA  46.9m
[seed 20]  45/100       GELU+GELU      acc= 87.79  ETA  45.4m
[seed 40]  47/100       GELU+Mish      acc= 87.13  ETA  42.0m
[seed 30]  45/100       GELU+GELU      acc= 87.90  ETA  45.8m
[seed 10]  48/100       GELU+SELU      acc= 87.41  ETA  40.7m
[seed 50]  45/100       GELU+GELU      acc= 87.74  ETA  46.1m
[seed 40]  48/100       GELU+SELU      acc= 87.25  ETA  41.1m
[seed 20]  46/100       GELU+SiLU      acc= 87.50  ETA  44.5m
[seed 10]  49/100       GELU+PReLU     acc= 87.45  ETA  39.8m
[seed 30]  46/100       GELU+SiLU      acc= 87.75  ETA  44.9m
[seed 50]  46/100       GELU+SiLU      acc= 88.13  ETA  45.3m
[seed 40]  49/100       GELU+PReLU     acc= 87.55  ETA  40.3m
[seed 20]  47/100       GELU+Mish      acc= 87.57  ETA  43.8m
[seed 10]  50/100       GELU+Hardswish acc= 87.45  ETA  39.1m
[seed 30]  47/100       GELU+Mish      acc= 87.83  ETA  44.1m
[seed 50]  47/100       GELU+Mish      acc= 87.77  ETA  44.4m
[seed 40]  50/100       GELU+Hardswish acc= 87.88  ETA  39.5m
[seed 20]  48/100       GELU+SELU      acc= 87.35  ETA  42.9m
[seed 10]  51/100       SiLU+ReLU      acc= 87.23  ETA  38.3m
[seed 30]  48/100       GELU+SELU      acc= 86.69  ETA  43.4m
[seed 50]  48/100       GELU+SELU      acc= 87.63  ETA  43.6m
[seed 40]  51/100       SiLU+ReLU      acc= 87.75  ETA  38.8m
[seed 20]  49/100       GELU+PReLU     acc= 87.01  ETA  42.1m
[seed 10]  52/100       SiLU+ELU       acc= 87.37  ETA  37.5m
[seed 30]  49/100       GELU+PReLU     acc= 87.70  ETA  42.6m
[seed 50]  49/100       GELU+PReLU     acc= 87.64  ETA  42.7m
[seed 40]  52/100       SiLU+ELU       acc= 86.85  ETA  37.9m
[seed 20]  50/100       GELU+Hardswish acc= 87.60  ETA  41.3m
[seed 10]  53/100       SiLU+LeakyReLU acc= 87.68  ETA  36.6m
[seed 30]  50/100       GELU+Hardswish acc= 87.65  ETA  41.7m
[seed 50]  50/100       GELU+Hardswish acc= 87.86  ETA  41.9m
[seed 40]  53/100       SiLU+LeakyReLU acc= 87.92  ETA  37.1m
[seed 20]  51/100       SiLU+ReLU      acc= 86.88  ETA  40.4m
[seed 10]  54/100       SiLU+Tanh      acc= 86.93  ETA  35.9m
[seed 30]  51/100       SiLU+ReLU      acc= 87.67  ETA  40.9m
[seed 50]  51/100       SiLU+ReLU      acc= 87.50  ETA  41.0m
[seed 40]  54/100       SiLU+Tanh      acc= 87.28  ETA  36.4m
[seed 20]  52/100       SiLU+ELU       acc= 87.25  ETA  39.6m
[seed 10]  55/100       SiLU+GELU      acc= 87.58  ETA  35.1m
[seed 30]  52/100       SiLU+ELU       acc= 87.73  ETA  40.1m
[seed 40]  55/100       SiLU+GELU      acc= 87.45  ETA  35.6m
[seed 50]  52/100       SiLU+ELU       acc= 87.89  ETA  40.3m
[seed 20]  53/100       SiLU+LeakyReLU acc= 87.37  ETA  38.8m
[seed 10]  56/100       SiLU+SiLU      acc= 87.55  ETA  34.4m
[seed 30]  53/100       SiLU+LeakyReLU acc= 87.71  ETA  39.2m
[seed 40]  56/100       SiLU+SiLU      acc= 87.09  ETA  34.8m
[seed 50]  53/100       SiLU+LeakyReLU acc= 87.60  ETA  39.4m
[seed 20]  54/100       SiLU+Tanh      acc= 87.68  ETA  38.0m
[seed 10]  57/100       SiLU+Mish      acc= 87.47  ETA  33.7m
[seed 30]  54/100       SiLU+Tanh      acc= 87.79  ETA  38.4m
[seed 40]  57/100       SiLU+Mish      acc= 87.71  ETA  34.1m
[seed 10]  58/100       SiLU+SELU      acc= 87.25  ETA  32.8m
[seed 50]  54/100       SiLU+Tanh      acc= 87.68  ETA  38.6m
[seed 20]  55/100       SiLU+GELU      acc= 87.48  ETA  37.1m
[seed 30]  55/100       SiLU+GELU      acc= 87.70  ETA  37.5m
[seed 10]  59/100       SiLU+PReLU     acc= 87.52  ETA  32.0m
[seed 50]  55/100       SiLU+GELU      acc= 87.68  ETA  37.8m
[seed 40]  58/100       SiLU+SELU      acc= 88.39  ETA  33.5m
[seed 20]  56/100       SiLU+SiLU      acc= 87.39  ETA  36.3m
[seed 30]  56/100       SiLU+SiLU      acc= 87.79  ETA  36.7m
[seed 10]  60/100       SiLU+Hardswish acc= 87.69  ETA  31.2m
[seed 50]  56/100       SiLU+SiLU      acc= 87.83  ETA  36.9m
[seed 40]  59/100       SiLU+PReLU     acc= 87.66  ETA  32.7m
[seed 20]  57/100       SiLU+Mish      acc= 87.74  ETA  35.5m
[seed 30]  57/100       SiLU+Mish      acc= 87.86  ETA  35.9m
[seed 10]  61/100       Mish+ReLU      acc= 87.54  ETA  30.5m
[seed 40]  60/100       SiLU+Hardswish acc= 87.61  ETA  31.9m
[seed 50]  57/100       SiLU+Mish      acc= 87.85  ETA  36.1m
[seed 20]  58/100       SiLU+SELU      acc= 87.51  ETA  34.7m
[seed 30]  58/100       SiLU+SELU      acc= 87.07  ETA  35.0m
[seed 10]  62/100       Mish+ELU       acc= 87.29  ETA  29.7m
[seed 40]  61/100       Mish+ReLU      acc= 87.04  ETA  31.1m
[seed 50]  58/100       SiLU+SELU      acc= 87.78  ETA  35.2m
[seed 20]  59/100       SiLU+PReLU     acc= 87.35  ETA  34.0m
[seed 30]  59/100       SiLU+PReLU     acc= 87.67  ETA  34.2m
[seed 10]  63/100       Mish+LeakyReLU acc= 87.62  ETA  29.0m
[seed 50]  59/100       SiLU+PReLU     acc= 87.72  ETA  34.4m
[seed 40]  62/100       Mish+ELU       acc= 87.82  ETA  30.4m
[seed 20]  60/100       SiLU+Hardswish acc= 87.62  ETA  33.1m
[seed 30]  60/100       SiLU+Hardswish acc= 87.84  ETA  33.4m
[seed 10]  64/100       Mish+Tanh      acc= 86.97  ETA  28.2m
[seed 50]  60/100       SiLU+Hardswish acc= 87.75  ETA  33.6m
[seed 40]  63/100       Mish+LeakyReLU acc= 87.71  ETA  29.6m
[seed 20]  61/100       Mish+ReLU      acc= 87.21  ETA  32.3m
[seed 10]  65/100       Mish+GELU      acc= 87.75  ETA  27.4m
[seed 30]  61/100       Mish+ReLU      acc= 87.39  ETA  32.5m
[seed 40]  64/100       Mish+Tanh      acc= 87.26  ETA  28.8m
[seed 50]  61/100       Mish+ReLU      acc= 87.95  ETA  32.7m
[seed 20]  62/100       Mish+ELU       acc= 87.44  ETA  31.5m
[seed 10]  66/100       Mish+SiLU      acc= 87.63  ETA  26.6m
[seed 30]  62/100       Mish+ELU       acc= 87.56  ETA  31.7m
[seed 40]  65/100       Mish+GELU      acc= 87.50  ETA  28.0m
[seed 50]  62/100       Mish+ELU       acc= 87.73  ETA  31.9m
[seed 20]  63/100       Mish+LeakyReLU acc= 87.30  ETA  30.7m
[seed 10]  67/100       Mish+Mish      acc= 87.57  ETA  25.8m
[seed 30]  63/100       Mish+LeakyReLU acc= 87.41  ETA  30.9m
[seed 40]  66/100       Mish+SiLU      acc= 87.04  ETA  27.2m
[seed 50]  63/100       Mish+LeakyReLU acc= 87.65  ETA  31.1m
[seed 10]  68/100       Mish+SELU      acc= 87.30  ETA  24.9m
[seed 20]  64/100       Mish+Tanh      acc= 87.69  ETA  29.9m
[seed 30]  64/100       Mish+Tanh      acc= 87.66  ETA  30.1m
[seed 40]  67/100       Mish+Mish      acc= 87.22  ETA  26.4m
[seed 50]  64/100       Mish+Tanh      acc= 87.41  ETA  30.2m
[seed 10]  69/100       Mish+PReLU     acc= 87.40  ETA  24.2m
[seed 20]  65/100       Mish+GELU      acc= 87.27  ETA  29.1m
[seed 40]  68/100       Mish+SELU      acc= 87.10  ETA  25.5m
[seed 30]  65/100       Mish+GELU      acc= 87.73  ETA  29.2m
[seed 10]  70/100       Mish+Hardswish acc= 87.52  ETA  23.4m
[seed 50]  65/100       Mish+GELU      acc= 87.71  ETA  29.4m
[seed 20]  66/100       Mish+SiLU      acc= 87.39  ETA  28.2m
[seed 40]  69/100       Mish+PReLU     acc= 87.47  ETA  24.8m
[seed 30]  66/100       Mish+SiLU      acc= 87.85  ETA  28.4m
[seed 10]  71/100       SELU+ReLU      acc= 87.53  ETA  22.6m
[seed 50]  66/100       Mish+SiLU      acc= 87.76  ETA  28.6m
[seed 20]  67/100       Mish+Mish      acc= 87.48  ETA  27.4m
[seed 40]  70/100       Mish+Hardswish acc= 87.23  ETA  23.9m
[seed 30]  67/100       Mish+Mish      acc= 87.79  ETA  27.6m
[seed 10]  72/100       SELU+ELU       acc= 87.08  ETA  21.8m
[seed 50]  67/100       Mish+Mish      acc= 87.56  ETA  27.7m
[seed 20]  68/100       Mish+SELU      acc= 87.78  ETA  26.6m
[seed 40]  71/100       SELU+ReLU      acc= 88.05  ETA  23.2m
[seed 30]  68/100       Mish+SELU      acc= 87.34  ETA  26.8m
[seed 10]  73/100       SELU+LeakyReLU acc= 87.62  ETA  21.0m
[seed 50]  68/100       Mish+SELU      acc= 87.88  ETA  26.9m
[seed 20]  69/100       Mish+PReLU     acc= 87.18  ETA  25.8m
[seed 10]  74/100       SELU+Tanh      acc= 87.16  ETA  20.2m
[seed 40]  72/100       SELU+ELU       acc= 86.47  ETA  22.4m
[seed 30]  69/100       Mish+PReLU     acc= 87.65  ETA  25.9m
[seed 50]  69/100       Mish+PReLU     acc= 87.79  ETA  26.1m
[seed 20]  70/100       Mish+Hardswish acc= 87.57  ETA  25.0m
[seed 10]  75/100       SELU+GELU      acc= 87.18  ETA  19.5m
[seed 40]  73/100       SELU+LeakyReLU acc= 87.81  ETA  21.7m
[seed 30]  70/100       Mish+Hardswish acc= 87.66  ETA  25.1m
[seed 50]  70/100       Mish+Hardswish acc= 87.75  ETA  25.3m
[seed 20]  71/100       SELU+ReLU      acc= 87.31  ETA  24.1m
[seed 10]  76/100       SELU+SiLU      acc= 87.54  ETA  18.7m
[seed 40]  74/100       SELU+Tanh      acc= 86.72  ETA  20.9m
[seed 30]  71/100       SELU+ReLU      acc= 87.53  ETA  24.3m
[seed 10]  77/100       SELU+Mish      acc= 87.53  ETA  17.9m
[seed 50]  71/100       SELU+ReLU      acc= 87.82  ETA  24.4m
[seed 20]  72/100       SELU+ELU       acc= 87.69  ETA  23.3m
[seed 40]  75/100       SELU+GELU      acc= 86.94  ETA  20.1m
[seed 30]  72/100       SELU+ELU       acc= 87.40  ETA  23.4m
[seed 10]  78/100       SELU+SELU      acc= 87.17  ETA  17.1m
[seed 20]  73/100       SELU+LeakyReLU acc= 87.42  ETA  22.5m
[seed 50]  72/100       SELU+ELU       acc= 87.34  ETA  23.6m
[seed 40]  76/100       SELU+SiLU      acc= 86.48  ETA  19.3m
[seed 30]  73/100       SELU+LeakyReLU acc= 87.48  ETA  22.6m
[seed 10]  79/100       SELU+PReLU     acc= 87.54  ETA  16.3m
[seed 20]  74/100       SELU+Tanh      acc= 86.96  ETA  21.6m
[seed 50]  73/100       SELU+LeakyReLU acc= 87.58  ETA  22.8m
[seed 30]  74/100       SELU+Tanh      acc= 87.37  ETA  21.7m
[seed 40]  77/100       SELU+Mish      acc= 87.24  ETA  18.5m
[seed 10]  80/100       SELU+Hardswish acc= 87.43  ETA  15.5m
[seed 20]  75/100       SELU+GELU      acc= 87.69  ETA  20.8m
[seed 50]  74/100       SELU+Tanh      acc= 87.50  ETA  21.9m
[seed 10]  81/100      PReLU+ReLU      acc= 87.34  ETA  14.7m
[seed 30]  75/100       SELU+GELU      acc= 87.43  ETA  20.9m
[seed 40]  78/100       SELU+SELU      acc= 87.27  ETA  17.7m
[seed 20]  76/100       SELU+SiLU      acc= 87.42  ETA  19.9m
[seed 50]  75/100       SELU+GELU      acc= 87.66  ETA  21.1m
[seed 10]  82/100      PReLU+ELU       acc= 86.98  ETA  13.9m
[seed 30]  76/100       SELU+SiLU      acc= 87.39  ETA  20.1m
[seed 40]  79/100       SELU+PReLU     acc= 87.09  ETA  16.9m
[seed 20]  77/100       SELU+Mish      acc= 87.52  ETA  19.1m
[seed 50]  76/100       SELU+SiLU      acc= 87.47  ETA  20.2m
[seed 10]  83/100      PReLU+LeakyReLU acc= 86.66  ETA  13.1m
[seed 40]  80/100       SELU+Hardswish acc= 86.38  ETA  16.1m
[seed 30]  77/100       SELU+Mish      acc= 87.44  ETA  19.2m
[seed 20]  78/100       SELU+SELU      acc= 87.29  ETA  18.3m
[seed 50]  77/100       SELU+Mish      acc= 87.59  ETA  19.4m
[seed 10]  84/100      PReLU+Tanh      acc= 87.37  ETA  12.4m
[seed 40]  81/100      PReLU+ReLU      acc= 87.75  ETA  15.3m
[seed 30]  78/100       SELU+SELU      acc= 87.40  ETA  18.4m
[seed 20]  79/100       SELU+PReLU     acc= 87.46  ETA  17.5m
[seed 10]  85/100      PReLU+GELU      acc= 87.38  ETA  11.6m
[seed 40]  82/100      PReLU+ELU       acc= 87.21  ETA  14.5m
[seed 50]  78/100       SELU+SELU      acc= 87.72  ETA  18.6m
[seed 30]  79/100       SELU+PReLU     acc= 87.46  ETA  17.5m
[seed 20]  80/100       SELU+Hardswish acc= 87.68  ETA  16.6m
[seed 10]  86/100      PReLU+SiLU      acc= 87.21  ETA  10.8m
[seed 40]  83/100      PReLU+LeakyReLU acc= 87.76  ETA  13.7m
[seed 30]  80/100       SELU+Hardswish acc= 87.68  ETA  16.7m
[seed 50]  79/100       SELU+PReLU     acc= 87.54  ETA  17.8m
[seed 20]  81/100      PReLU+ReLU      acc= 87.26  ETA  15.8m
[seed 40]  84/100      PReLU+Tanh      acc= 87.02  ETA  12.8m
[seed 10]  87/100      PReLU+Mish      acc= 87.31  ETA  10.1m
[seed 30]  81/100      PReLU+ReLU      acc= 87.56  ETA  15.9m
[seed 50]  80/100       SELU+Hardswish acc= 87.86  ETA  16.9m
[seed 40]  85/100      PReLU+GELU      acc= 86.93  ETA  12.0m
[seed 20]  82/100      PReLU+ELU       acc= 87.35  ETA  15.0m
[seed 10]  88/100      PReLU+SELU      acc= 87.21  ETA   9.3m
[seed 30]  82/100      PReLU+ELU       acc= 87.49  ETA  15.0m
[seed 50]  81/100      PReLU+ReLU      acc= 87.75  ETA  16.1m
[seed 40]  86/100      PReLU+SiLU      acc= 87.72  ETA  11.2m
[seed 20]  83/100      PReLU+LeakyReLU acc= 87.50  ETA  14.1m
[seed 10]  89/100      PReLU+PReLU     acc= 87.49  ETA   8.5m
[seed 30]  83/100      PReLU+LeakyReLU acc= 87.51  ETA  14.2m
[seed 50]  82/100      PReLU+ELU       acc= 87.85  ETA  15.2m
[seed 10]  90/100      PReLU+Hardswish acc= 87.50  ETA   7.7m
[seed 40]  87/100      PReLU+Mish      acc= 87.38  ETA  10.4m
[seed 20]  84/100      PReLU+Tanh      acc= 87.26  ETA  13.3m
[seed 30]  84/100      PReLU+Tanh      acc= 87.61  ETA  13.4m
[seed 50]  83/100      PReLU+LeakyReLU acc= 87.88  ETA  14.4m
[seed 40]  88/100      PReLU+SELU      acc= 87.17  ETA   9.6m
[seed 10]  91/100  Hardswish+ReLU      acc= 87.23  ETA   7.0m
[seed 20]  85/100      PReLU+GELU      acc= 87.31  ETA  12.5m
[seed 30]  85/100      PReLU+GELU      acc= 87.82  ETA  12.5m
[seed 50]  84/100      PReLU+Tanh      acc= 87.74  ETA  13.5m
[seed 10]  92/100  Hardswish+ELU       acc= 87.42  ETA   6.2m
[seed 40]  89/100      PReLU+PReLU     acc= 86.82  ETA   8.8m
[seed 20]  86/100      PReLU+SiLU      acc= 87.37  ETA  11.6m
[seed 30]  86/100      PReLU+SiLU      acc= 87.83  ETA  11.7m
[seed 50]  85/100      PReLU+GELU      acc= 87.58  ETA  12.7m
[seed 10]  93/100  Hardswish+LeakyReLU acc= 87.71  ETA   5.4m
[seed 40]  90/100      PReLU+Hardswish acc= 87.20  ETA   8.0m
[seed 20]  87/100      PReLU+Mish      acc= 87.26  ETA  10.8m
[seed 50]  86/100      PReLU+SiLU      acc= 87.38  ETA  11.8m
[seed 30]  87/100      PReLU+Mish      acc= 87.95  ETA  10.9m
[seed 10]  94/100  Hardswish+Tanh      acc= 87.29  ETA   4.6m
[seed 40]  91/100  Hardswish+ReLU      acc= 87.59  ETA   7.2m
[seed 20]  88/100      PReLU+SELU      acc= 87.69  ETA  10.0m
[seed 30]  88/100      PReLU+SELU      acc= 87.56  ETA  10.0m
[seed 50]  87/100      PReLU+Mish      acc= 87.75  ETA  11.0m
[seed 10]  95/100  Hardswish+GELU      acc= 87.41  ETA   3.9m
[seed 40]  92/100  Hardswish+ELU       acc= 86.86  ETA   6.4m
[seed 20]  89/100      PReLU+PReLU     acc= 87.32  ETA   9.1m
[seed 30]  89/100      PReLU+PReLU     acc= 87.85  ETA   9.2m
[seed 50]  88/100      PReLU+SELU      acc= 87.63  ETA  10.1m
[seed 10]  96/100  Hardswish+SiLU      acc= 87.44  ETA   3.1m
[seed 40]  93/100  Hardswish+LeakyReLU acc= 87.12  ETA   5.6m
[seed 20]  90/100      PReLU+Hardswish acc= 87.40  ETA   8.3m
[seed 10]  97/100  Hardswish+Mish      acc= 87.64  ETA   2.3m
[seed 30]  90/100      PReLU+Hardswish acc= 87.72  ETA   8.3m
[seed 50]  89/100      PReLU+PReLU     acc= 87.64  ETA   9.3m
[seed 40]  94/100  Hardswish+Tanh      acc= 88.02  ETA   4.8m
[seed 20]  91/100  Hardswish+ReLU      acc= 87.58  ETA   7.5m
[seed 10]  98/100  Hardswish+SELU      acc= 87.47  ETA   1.5m
[seed 30]  91/100  Hardswish+ReLU      acc= 88.02  ETA   7.5m
[seed 50]  90/100      PReLU+Hardswish acc= 87.71  ETA   8.4m
[seed 40]  95/100  Hardswish+GELU      acc= 87.14  ETA   4.0m
[seed 10]  99/100  Hardswish+PReLU     acc= 87.74  ETA   0.8m
[seed 20]  92/100  Hardswish+ELU       acc= 87.49  ETA   6.7m
[seed 30]  92/100  Hardswish+ELU       acc= 87.61  ETA   6.7m
[seed 50]  91/100  Hardswish+ReLU      acc= 87.78  ETA   7.6m
[seed 40]  96/100  Hardswish+SiLU      acc= 87.26  ETA   3.2m
[seed 10] 100/100  Hardswish+Hardswish acc= 87.40  ETA   0.0m
[seed 10] DONE in 77.2 min -> BiGRU+BiGRU_5_seed_variance_results\seed_10.csv
[seed 20]  93/100  Hardswish+LeakyReLU acc= 87.92  ETA   5.8m
[seed 30]  93/100  Hardswish+LeakyReLU acc= 87.39  ETA   5.8m
[seed 50]  92/100  Hardswish+ELU       acc= 87.77  ETA   6.7m
[seed 40]  97/100  Hardswish+Mish      acc= 87.38  ETA   2.4m
[seed 20]  94/100  Hardswish+Tanh      acc= 87.35  ETA   5.0m
[seed 30]  94/100  Hardswish+Tanh      acc= 87.66  ETA   5.0m
[seed 50]  93/100  Hardswish+LeakyReLU acc= 87.45  ETA   5.9m
[seed 40]  98/100  Hardswish+SELU      acc= 87.10  ETA   1.6m
[seed 20]  95/100  Hardswish+GELU      acc= 87.61  ETA   4.1m
[seed 30]  95/100  Hardswish+GELU      acc= 87.85  ETA   4.1m
[seed 50]  94/100  Hardswish+Tanh      acc= 87.86  ETA   5.0m
[seed 40]  99/100  Hardswish+PReLU     acc= 86.81  ETA   0.8m
[seed 20]  96/100  Hardswish+SiLU      acc= 87.55  ETA   3.3m
[seed 30]  96/100  Hardswish+SiLU      acc= 87.73  ETA   3.3m
[seed 50]  95/100  Hardswish+GELU      acc= 87.57  ETA   4.2m
[seed 40] 100/100  Hardswish+Hardswish acc= 87.62  ETA   0.0m
[seed 40] DONE in 79.7 min -> BiGRU+BiGRU_5_seed_variance_results\seed_40.csv
[seed 20]  97/100  Hardswish+Mish      acc= 87.43  ETA   2.5m
[seed 30]  97/100  Hardswish+Mish      acc= 87.54  ETA   2.5m
[seed 50]  96/100  Hardswish+SiLU      acc= 87.69  ETA   3.3m
[seed 20]  98/100  Hardswish+SELU      acc= 87.43  ETA   1.6m
[seed 50]  97/100  Hardswish+Mish      acc= 87.70  ETA   2.5m
[seed 30]  98/100  Hardswish+SELU      acc= 87.48  ETA   1.6m
[seed 20]  99/100  Hardswish+PReLU     acc= 87.10  ETA   0.8m
[seed 50]  98/100  Hardswish+SELU      acc= 87.80  ETA   1.7m
[seed 30]  99/100  Hardswish+PReLU     acc= 87.58  ETA   0.8m
[seed 20] 100/100  Hardswish+Hardswish acc= 87.45  ETA   0.0m
[seed 20] DONE in 81.4 min -> BiGRU+BiGRU_5_seed_variance_results\seed_20.csv
[seed 50]  99/100  Hardswish+PReLU     acc= 87.84  ETA   0.8m
[seed 30] 100/100  Hardswish+Hardswish acc= 87.65  ETA   0.0m
[seed 30] DONE in 81.5 min -> BiGRU+BiGRU_5_seed_variance_results\seed_30.csv
[seed 50] 100/100  Hardswish+Hardswish acc= 87.98  ETA   0.0m
[seed 50] DONE in 81.7 min -> BiGRU+BiGRU_5_seed_variance_results\seed_50.csv

  workers finished with codes [0, 0, 0, 0, 0] in 81.7 min

[4/4] Merging and summarising ...

======================================================================
BiGRU+BiGRU: 500 runs over 5 seeds -> 100 cells
======================================================================
  all runs      -> BiGRU+BiGRU_5_seed_variance_results\all_runs.csv
  per-cell mean -> BiGRU+BiGRU_5_seed_variance_results\mean_100_cells.csv

  per-cell std: 0.10 to 0.59 (median 0.29)

  top 5 cells by mean accuracy:
         SiLU + Mish       87.73 +/- 0.16
         Tanh + LeakyReLU  87.72 +/- 0.40
         GELU + GELU       87.70 +/- 0.18
         SiLU + Hardswish  87.70 +/- 0.10
         GELU + Hardswish  87.69 +/- 0.18
