Device : cuda
GPU    : NVIDIA GeForce RTX 5080
======================================================================
FULL 5-SEED SWEEP  --  BiLSTM+LSTM
  100 cells x 5 seeds [10, 20, 30, 40, 50] = 500 runs
  output: BiLSTM+LSTM_5_seed_variance_results/
======================================================================

[1/4] Preparing data cache ...
  cache hit: cache\sweep_data

[2/4] Preflight skipped (--preflight to enable)

[3/4] Launching 5 workers, one per seed ...

Device : cuda
GPU    : NVIDIA GeForce RTX 5080
[seed 50]   1/100       ReLU+ReLU      acc= 87.51  ETA 109.9m
Device : cuda
GPU    : NVIDIA GeForce RTX 5080
[seed 40]   1/100       ReLU+ReLU      acc= 87.55  ETA 121.7m
Device : cuda
GPU    : NVIDIA GeForce RTX 5080
[seed 30]   1/100       ReLU+ReLU      acc= 86.50  ETA 121.7m
Device : cuda
GPU    : NVIDIA GeForce RTX 5080
[seed 20]   1/100       ReLU+ReLU      acc= 86.81  ETA 121.7m
Device : cuda
GPU    : NVIDIA GeForce RTX 5080
[seed 10]   1/72  LeakyReLU+PReLU     acc= 87.07  ETA  87.3m
[seed 50]   2/100       ReLU+ELU       acc= 86.99  ETA 107.4m
[seed 40]   2/100       ReLU+ELU       acc= 87.40  ETA 113.2m
[seed 10]   2/72  LeakyReLU+Hardswish acc= 87.06  ETA  81.0m
[seed 30]   2/100       ReLU+ELU       acc= 86.47  ETA 119.1m
[seed 20]   2/100       ReLU+ELU       acc= 86.87  ETA 119.1m
[seed 50]   3/100       ReLU+LeakyReLU acc= 86.45  ETA 109.5m
[seed 30]   3/100       ReLU+LeakyReLU acc= 87.03  ETA 109.6m
[seed 40]   3/100       ReLU+LeakyReLU acc= 86.55  ETA 113.3m
[seed 10]   3/72       Tanh+ReLU      acc= 86.39  ETA  80.8m
[seed 20]   3/100       ReLU+LeakyReLU acc= 86.87  ETA 117.3m
[seed 50]   4/100       ReLU+Tanh      acc= 87.35  ETA 107.1m
[seed 30]   4/100       ReLU+Tanh      acc= 86.86  ETA 110.2m
[seed 40]   4/100       ReLU+Tanh      acc= 87.54  ETA 112.9m
[seed 10]   4/72       Tanh+ELU       acc= 86.25  ETA  80.1m
[seed 20]   4/100       ReLU+Tanh      acc= 86.64  ETA 115.9m
[seed 50]   5/100       ReLU+GELU      acc= 87.18  ETA 105.3m
[seed 30]   5/100       ReLU+GELU      acc= 86.85  ETA 109.9m
[seed 40]   5/100       ReLU+GELU      acc= 87.69  ETA 112.0m
[seed 10]   5/72       Tanh+LeakyReLU acc= 85.87  ETA  79.2m
[seed 20]   5/100       ReLU+GELU      acc= 86.68  ETA 114.5m
[seed 50]   6/100       ReLU+SiLU      acc= 86.70  ETA 105.6m
[seed 30]   6/100       ReLU+SiLU      acc= 87.03  ETA 107.6m
[seed 40]   6/100       ReLU+SiLU      acc= 87.16  ETA 111.2m
[seed 10]   6/72       Tanh+Tanh      acc= 87.19  ETA  78.2m
[seed 20]   6/100       ReLU+SiLU      acc= 86.21  ETA 113.3m
[seed 50]   7/100       ReLU+Mish      acc= 86.79  ETA 104.0m
[seed 30]   7/100       ReLU+Mish      acc= 86.08  ETA 107.3m
[seed 10]   7/72       Tanh+GELU      acc= 86.93  ETA  76.1m
[seed 20]   7/100       ReLU+Mish      acc= 86.90  ETA 109.0m
[seed 40]   7/100       ReLU+Mish      acc= 87.09  ETA 110.3m
[seed 50]   8/100       ReLU+SELU      acc= 87.15  ETA 102.5m
[seed 30]   8/100       ReLU+SELU      acc= 87.28  ETA 105.3m
[seed 20]   8/100       ReLU+SELU      acc= 87.12  ETA 105.4m
[seed 10]   8/72       Tanh+SiLU      acc= 86.74  ETA  75.2m
[seed 40]   8/100       ReLU+SELU      acc= 85.78  ETA 109.3m
[seed 50]   9/100       ReLU+PReLU     acc= 86.23  ETA 102.2m
[seed 20]   9/100       ReLU+PReLU     acc= 86.44  ETA 102.4m
[seed 30]   9/100       ReLU+PReLU     acc= 86.87  ETA 104.7m
[seed 10]   9/72       Tanh+Mish      acc= 87.05  ETA  74.2m
[seed 40]   9/100       ReLU+PReLU     acc= 87.00  ETA 108.2m
[seed 50]  10/100       ReLU+Hardswish acc= 86.90  ETA 100.7m
[seed 20]  10/100       ReLU+Hardswish acc= 86.89  ETA 102.0m
[seed 30]  10/100       ReLU+Hardswish acc= 87.13  ETA 103.0m
[seed 10]  10/72       Tanh+SELU      acc= 84.61  ETA  73.2m
[seed 40]  10/100       ReLU+Hardswish acc= 86.41  ETA 107.1m
[seed 50]  11/100        ELU+ReLU      acc= 87.55  ETA  99.3m
[seed 20]  11/100        ELU+ReLU      acc= 86.90  ETA  99.5m
[seed 30]  11/100        ELU+ReLU      acc= 87.22  ETA 101.3m
[seed 10]  11/72       Tanh+PReLU     acc= 86.71  ETA  72.1m
[seed 40]  11/100        ELU+ReLU      acc= 87.18  ETA 106.0m
[seed 50]  12/100        ELU+ELU       acc= 86.09  ETA  98.8m
[seed 20]  12/100        ELU+ELU       acc= 87.15  ETA  98.9m
[seed 30]  12/100        ELU+ELU       acc= 86.77  ETA 100.6m
[seed 40]  12/100        ELU+ELU       acc= 87.36  ETA 102.3m
[seed 10]  12/72       Tanh+Hardswish acc= 86.98  ETA  71.0m
[seed 50]  13/100        ELU+LeakyReLU acc= 86.19  ETA  98.2m
[seed 30]  13/100        ELU+LeakyReLU acc= 86.71  ETA  98.2m
[seed 20]  13/100        ELU+LeakyReLU acc= 86.51  ETA  98.3m
[seed 40]  13/100        ELU+LeakyReLU acc= 86.96  ETA 101.4m
[seed 10]  13/72       GELU+ReLU      acc= 86.06  ETA  69.9m
[seed 50]  14/100        ELU+Tanh      acc= 86.73  ETA  97.5m
[seed 30]  14/100        ELU+Tanh      acc= 86.55  ETA  97.5m
[seed 20]  14/100        ELU+Tanh      acc= 86.88  ETA  97.6m
[seed 40]  14/100        ELU+Tanh      acc= 87.72  ETA 100.4m
[seed 10]  14/72       GELU+ELU       acc= 86.96  ETA  68.3m
[seed 50]  15/100        ELU+GELU      acc= 86.94  ETA  96.0m
[seed 30]  15/100        ELU+GELU      acc= 87.00  ETA  96.1m
[seed 20]  15/100        ELU+GELU      acc= 86.27  ETA  96.9m
[seed 40]  15/100        ELU+GELU      acc= 85.90  ETA  99.4m
[seed 10]  15/72       GELU+LeakyReLU acc= 86.34  ETA  66.8m
[seed 50]  16/100        ELU+SiLU      acc= 86.38  ETA  94.6m
[seed 20]  16/100        ELU+SiLU      acc= 87.18  ETA  94.8m
[seed 30]  16/100        ELU+SiLU      acc= 87.07  ETA  95.3m
[seed 10]  16/72       GELU+Tanh      acc= 87.20  ETA  65.3m
[seed 40]  16/100        ELU+SiLU      acc= 85.43  ETA  98.4m
[seed 50]  17/100        ELU+Mish      acc= 86.80  ETA  93.9m
[seed 30]  17/100        ELU+Mish      acc= 87.29  ETA  93.9m
[seed 20]  17/100        ELU+Mish      acc= 87.07  ETA  94.1m
[seed 40]  17/100        ELU+Mish      acc= 86.69  ETA  95.6m
[seed 10]  17/72       GELU+GELU      acc= 87.41  ETA  63.5m
[seed 30]  18/100        ELU+SELU      acc= 86.97  ETA  92.0m
[seed 50]  18/100        ELU+SELU      acc= 85.73  ETA  92.5m
[seed 20]  18/100        ELU+SELU      acc= 86.77  ETA  92.7m
[seed 40]  18/100        ELU+SELU      acc= 86.86  ETA  94.7m
[seed 10]  18/72       GELU+SiLU      acc= 87.03  ETA  62.5m
[seed 20]  19/100        ELU+PReLU     acc= 86.55  ETA  90.3m
[seed 30]  19/100        ELU+PReLU     acc= 86.64  ETA  90.7m
[seed 50]  19/100        ELU+PReLU     acc= 86.77  ETA  91.7m
[seed 10]  19/72       GELU+Mish      acc= 86.30  ETA  61.1m
[seed 40]  19/100        ELU+PReLU     acc= 86.56  ETA  93.8m
[seed 20]  20/100        ELU+Hardswish acc= 87.02  ETA  88.1m
[seed 30]  20/100        ELU+Hardswish acc= 86.41  ETA  89.9m
[seed 50]  20/100        ELU+Hardswish acc= 86.58  ETA  90.8m
[seed 10]  20/72       GELU+SELU      acc= 86.83  ETA  59.2m
[seed 40]  20/100        ELU+Hardswish acc= 87.81  ETA  92.3m
[seed 20]  21/100  LeakyReLU+ReLU      acc= 86.60  ETA  87.4m
[seed 30]  21/100  LeakyReLU+ReLU      acc= 86.43  ETA  89.1m
[seed 50]  21/100  LeakyReLU+ReLU      acc= 87.88  ETA  89.5m
[seed 10]  21/72       GELU+PReLU     acc= 86.28  ETA  57.9m
[seed 40]  21/100  LeakyReLU+ReLU      acc= 87.55  ETA  91.3m
[seed 20]  22/100  LeakyReLU+ELU       acc= 86.69  ETA  86.6m
[seed 50]  22/100  LeakyReLU+ELU       acc= 87.05  ETA  88.2m
[seed 30]  22/100  LeakyReLU+ELU       acc= 86.53  ETA  88.2m
[seed 10]  22/72       GELU+Hardswish acc= 86.88  ETA  56.9m
[seed 40]  22/100  LeakyReLU+ELU       acc= 86.86  ETA  90.3m
[seed 20]  23/100  LeakyReLU+LeakyReLU acc= 87.57  ETA  85.8m
[seed 50]  23/100  LeakyReLU+LeakyReLU acc= 86.78  ETA  87.3m
[seed 30]  23/100  LeakyReLU+LeakyReLU acc= 86.51  ETA  87.3m
[seed 10]  23/72       SiLU+ReLU      acc= 86.90  ETA  55.6m
[seed 40]  23/100  LeakyReLU+LeakyReLU acc= 86.23  ETA  89.3m
[seed 20]  24/100  LeakyReLU+Tanh      acc= 87.57  ETA  85.0m
[seed 30]  24/100  LeakyReLU+Tanh      acc= 86.52  ETA  86.0m
[seed 50]  24/100  LeakyReLU+Tanh      acc= 85.71  ETA  86.3m
[seed 10]  24/72       SiLU+ELU       acc= 86.99  ETA  54.6m
[seed 40]  24/100  LeakyReLU+Tanh      acc= 85.88  ETA  88.2m
[seed 20]  25/100  LeakyReLU+GELU      acc= 87.19  ETA  84.1m
[seed 30]  25/100  LeakyReLU+GELU      acc= 86.26  ETA  84.7m
[seed 50]  25/100  LeakyReLU+GELU      acc= 87.34  ETA  85.0m
[seed 10]  25/72       SiLU+LeakyReLU acc= 87.16  ETA  53.6m
[seed 40]  25/100  LeakyReLU+GELU      acc= 87.36  ETA  87.2m
[seed 20]  26/100  LeakyReLU+SiLU      acc= 87.54  ETA  83.2m
[seed 30]  26/100  LeakyReLU+SiLU      acc= 86.42  ETA  83.8m
[seed 50]  26/100  LeakyReLU+SiLU      acc= 86.62  ETA  84.1m
[seed 10]  26/72       SiLU+Tanh      acc= 86.94  ETA  52.6m
[seed 40]  26/100  LeakyReLU+SiLU      acc= 86.17  ETA  85.5m
[seed 20]  27/100  LeakyReLU+Mish      acc= 86.75  ETA  82.3m
[seed 30]  27/100  LeakyReLU+Mish      acc= 86.91  ETA  82.8m
[seed 50]  27/100  LeakyReLU+Mish      acc= 87.06  ETA  83.1m
[seed 10]  27/72       SiLU+GELU      acc= 86.71  ETA  51.3m
[seed 40]  27/100  LeakyReLU+Mish      acc= 87.74  ETA  84.4m
[seed 20]  28/100  LeakyReLU+SELU      acc= 87.97  ETA  81.4m
[seed 30]  28/100  LeakyReLU+SELU      acc= 84.97  ETA  81.9m
[seed 50]  28/100  LeakyReLU+SELU      acc= 86.14  ETA  82.2m
[seed 10]  28/72       SiLU+SiLU      acc= 86.96  ETA  50.3m
[seed 40]  28/100  LeakyReLU+SELU      acc= 86.89  ETA  83.4m
[seed 20]  29/100  LeakyReLU+PReLU     acc= 86.48  ETA  79.8m
[seed 50]  29/100  LeakyReLU+PReLU     acc= 87.35  ETA  80.9m
[seed 30]  29/100  LeakyReLU+PReLU     acc= 86.85  ETA  80.9m
[seed 10]  29/72       SiLU+Mish      acc= 86.41  ETA  49.0m
[seed 40]  29/100  LeakyReLU+PReLU     acc= 86.62  ETA  82.3m
[seed 20]  30/100  LeakyReLU+Hardswish acc= 87.27  ETA  78.9m
[seed 50]  30/100  LeakyReLU+Hardswish acc= 86.24  ETA  79.6m
[seed 30]  30/100  LeakyReLU+Hardswish acc= 86.36  ETA  79.9m
[seed 10]  30/72       SiLU+SELU      acc= 87.03  ETA  48.0m
[seed 40]  30/100  LeakyReLU+Hardswish acc= 86.13  ETA  81.3m
[seed 20]  31/100       Tanh+ReLU      acc= 86.47  ETA  77.9m
[seed 50]  31/100       Tanh+ReLU      acc= 86.35  ETA  78.1m
[seed 30]  31/100       Tanh+ReLU      acc= 86.95  ETA  78.6m
[seed 10]  31/72       SiLU+PReLU     acc= 86.94  ETA  46.9m
[seed 20]  32/100       Tanh+ELU       acc= 86.54  ETA  76.2m
[seed 40]  31/100       Tanh+ReLU      acc= 85.23  ETA  80.2m
[seed 50]  32/100       Tanh+ELU       acc= 87.08  ETA  77.1m
[seed 30]  32/100       Tanh+ELU       acc= 85.82  ETA  77.6m
[seed 10]  32/72       SiLU+Hardswish acc= 87.46  ETA  45.7m
[seed 20]  33/100       Tanh+LeakyReLU acc= 87.11  ETA  75.2m
[seed 40]  32/100       Tanh+ELU       acc= 87.23  ETA  79.1m
[seed 50]  33/100       Tanh+LeakyReLU acc= 86.55  ETA  76.1m
[seed 30]  33/100       Tanh+LeakyReLU acc= 86.33  ETA  76.3m
[seed 10]  33/72       Mish+ReLU      acc= 86.03  ETA  44.6m
[seed 20]  34/100       Tanh+Tanh      acc= 87.17  ETA  73.8m
[seed 40]  33/100       Tanh+LeakyReLU acc= 87.44  ETA  78.0m
[seed 50]  34/100       Tanh+Tanh      acc= 85.36  ETA  75.1m
[seed 30]  34/100       Tanh+Tanh      acc= 87.65  ETA  75.3m
[seed 10]  34/72       Mish+ELU       acc= 86.60  ETA  43.4m
[seed 20]  35/100       Tanh+GELU      acc= 87.03  ETA  72.6m
[seed 40]  34/100       Tanh+Tanh      acc= 85.87  ETA  76.9m
[seed 50]  35/100       Tanh+GELU      acc= 86.85  ETA  74.0m
[seed 10]  35/72       Mish+LeakyReLU acc= 86.28  ETA  42.2m
[seed 30]  35/100       Tanh+GELU      acc= 86.65  ETA  74.3m
[seed 20]  36/100       Tanh+SiLU      acc= 87.38  ETA  71.6m
[seed 40]  35/100       Tanh+GELU      acc= 85.48  ETA  75.8m
[seed 50]  36/100       Tanh+SiLU      acc= 87.08  ETA  73.0m
[seed 30]  36/100       Tanh+SiLU      acc= 86.17  ETA  73.0m
[seed 10]  36/72       Mish+Tanh      acc= 87.41  ETA  41.1m
[seed 20]  37/100       Tanh+Mish      acc= 86.44  ETA  70.5m
[seed 40]  36/100       Tanh+SiLU      acc= 87.50  ETA  74.7m
[seed 30]  37/100       Tanh+Mish      acc= 87.41  ETA  71.8m
[seed 10]  37/72       Mish+GELU      acc= 86.60  ETA  39.9m
[seed 50]  37/100       Tanh+Mish      acc= 86.07  ETA  72.0m
[seed 20]  38/100       Tanh+SELU      acc= 86.86  ETA  69.5m
[seed 40]  37/100       Tanh+Mish      acc= 86.43  ETA  73.6m
[seed 30]  38/100       Tanh+SELU      acc= 86.81  ETA  70.6m
[seed 10]  38/72       Mish+SiLU      acc= 87.30  ETA  38.7m
[seed 50]  38/100       Tanh+SELU      acc= 86.06  ETA  70.9m
[seed 20]  39/100       Tanh+PReLU     acc= 86.70  ETA  68.5m
[seed 30]  39/100       Tanh+PReLU     acc= 87.30  ETA  69.3m
[seed 40]  38/100       Tanh+SELU      acc= 87.15  ETA  72.5m
[seed 10]  39/72       Mish+Mish      acc= 87.12  ETA  37.7m
[seed 50]  39/100       Tanh+PReLU     acc= 86.47  ETA  69.9m
[seed 20]  40/100       Tanh+Hardswish acc= 86.64  ETA  67.5m
[seed 40]  39/100       Tanh+PReLU     acc= 87.12  ETA  71.2m
[seed 30]  40/100       Tanh+Hardswish acc= 86.35  ETA  68.3m
[seed 10]  40/72       Mish+SELU      acc= 86.54  ETA  36.6m
[seed 50]  40/100       Tanh+Hardswish acc= 86.05  ETA  68.8m
[seed 20]  41/100       GELU+ReLU      acc= 87.15  ETA  66.5m
[seed 40]  40/100       Tanh+Hardswish acc= 86.47  ETA  70.1m
[seed 50]  41/100       GELU+ReLU      acc= 86.65  ETA  67.2m
[seed 30]  41/100       GELU+ReLU      acc= 85.44  ETA  67.2m
[seed 10]  41/72       Mish+PReLU     acc= 87.63  ETA  35.5m
[seed 20]  42/100       GELU+ELU       acc= 87.37  ETA  65.4m
[seed 30]  42/100       GELU+ELU       acc= 87.65  ETA  66.0m
[seed 40]  41/100       GELU+ReLU      acc= 87.06  ETA  68.9m
[seed 50]  42/100       GELU+ELU       acc= 86.66  ETA  66.2m
[seed 10]  42/72       Mish+Hardswish acc= 86.54  ETA  34.4m
[seed 20]  43/100       GELU+LeakyReLU acc= 87.44  ETA  64.4m
[seed 30]  43/100       GELU+LeakyReLU acc= 86.02  ETA  64.9m
[seed 40]  42/100       GELU+ELU       acc= 86.43  ETA  67.8m
[seed 50]  43/100       GELU+LeakyReLU acc= 86.57  ETA  65.1m
[seed 10]  43/72       SELU+ReLU      acc= 86.75  ETA  33.3m
[seed 20]  44/100       GELU+Tanh      acc= 86.14  ETA  63.4m
[seed 30]  44/100       GELU+Tanh      acc= 86.52  ETA  63.6m
[seed 50]  44/100       GELU+Tanh      acc= 86.44  ETA  63.7m
[seed 40]  43/100       GELU+LeakyReLU acc= 86.67  ETA  66.7m
[seed 10]  44/72       SELU+ELU       acc= 84.37  ETA  32.2m
[seed 30]  45/100       GELU+GELU      acc= 87.36  ETA  62.2m
[seed 20]  45/100       GELU+GELU      acc= 86.72  ETA  62.3m
[seed 50]  45/100       GELU+GELU      acc= 85.83  ETA  62.7m
[seed 10]  45/72       SELU+LeakyReLU acc= 85.98  ETA  30.8m
[seed 40]  44/100       GELU+Tanh      acc= 87.46  ETA  65.5m
[seed 30]  46/100       GELU+SiLU      acc= 86.98  ETA  61.0m
[seed 20]  46/100       GELU+SiLU      acc= 86.98  ETA  61.1m
[seed 50]  46/100       GELU+SiLU      acc= 86.53  ETA  61.6m
[seed 10]  46/72       SELU+Tanh      acc= 86.63  ETA  29.7m
[seed 40]  45/100       GELU+GELU      acc= 86.29  ETA  64.4m
[seed 30]  47/100       GELU+Mish      acc= 86.23  ETA  60.0m
[seed 20]  47/100       GELU+Mish      acc= 86.23  ETA  60.1m
[seed 50]  47/100       GELU+Mish      acc= 86.89  ETA  60.5m
[seed 10]  47/72       SELU+GELU      acc= 86.44  ETA  28.6m
[seed 40]  46/100       GELU+SiLU      acc= 86.60  ETA  63.3m
[seed 30]  48/100       GELU+SELU      acc= 86.64  ETA  58.9m
[seed 20]  48/100       GELU+SELU      acc= 86.04  ETA  59.0m
[seed 50]  48/100       GELU+SELU      acc= 86.06  ETA  59.4m
[seed 10]  48/72       SELU+SiLU      acc= 87.17  ETA  27.5m
[seed 40]  47/100       GELU+Mish      acc= 86.21  ETA  62.1m
[seed 30]  49/100       GELU+PReLU     acc= 85.90  ETA  57.7m
[seed 20]  49/100       GELU+PReLU     acc= 86.82  ETA  57.9m
[seed 50]  49/100       GELU+PReLU     acc= 87.15  ETA  58.4m
[seed 10]  49/72       SELU+Mish      acc= 87.37  ETA  26.3m
[seed 40]  48/100       GELU+SELU      acc= 87.57  ETA  60.9m
[seed 30]  50/100       GELU+Hardswish acc= 87.02  ETA  56.7m
[seed 20]  50/100       GELU+Hardswish acc= 86.86  ETA  56.9m
[seed 50]  50/100       GELU+Hardswish acc= 87.29  ETA  57.2m
[seed 10]  50/72       SELU+SELU      acc= 86.29  ETA  25.2m
[seed 40]  49/100       GELU+PReLU     acc= 86.91  ETA  59.7m
[seed 20]  51/100       SiLU+ReLU      acc= 86.59  ETA  55.5m
[seed 30]  51/100       SiLU+ReLU      acc= 86.77  ETA  55.6m
[seed 50]  51/100       SiLU+ReLU      acc= 86.58  ETA  55.9m
[seed 10]  51/72       SELU+PReLU     acc= 85.47  ETA  24.0m
[seed 40]  50/100       GELU+Hardswish acc= 86.61  ETA  58.6m
[seed 20]  52/100       SiLU+ELU       acc= 86.53  ETA  54.4m
[seed 30]  52/100       SiLU+ELU       acc= 86.99  ETA  54.5m
[seed 50]  52/100       SiLU+ELU       acc= 86.85  ETA  54.9m
[seed 10]  52/72       SELU+Hardswish acc= 86.73  ETA  22.9m
[seed 40]  51/100       SiLU+ReLU      acc= 87.21  ETA  57.4m
[seed 20]  53/100       SiLU+LeakyReLU acc= 87.46  ETA  53.1m
[seed 30]  53/100       SiLU+LeakyReLU acc= 86.25  ETA  53.5m
[seed 50]  53/100       SiLU+LeakyReLU acc= 86.65  ETA  53.8m
[seed 40]  52/100       SiLU+ELU       acc= 85.37  ETA  56.1m
[seed 10]  53/72      PReLU+ReLU      acc= 86.92  ETA  21.8m
[seed 20]  54/100       SiLU+Tanh      acc= 87.32  ETA  52.0m
[seed 30]  54/100       SiLU+Tanh      acc= 87.41  ETA  52.3m
[seed 50]  54/100       SiLU+Tanh      acc= 87.02  ETA  52.5m
[seed 10]  54/72      PReLU+ELU       acc= 87.71  ETA  20.6m
[seed 40]  53/100       SiLU+LeakyReLU acc= 86.75  ETA  54.9m
[seed 20]  55/100       SiLU+GELU      acc= 86.39  ETA  50.9m
[seed 30]  55/100       SiLU+GELU      acc= 86.85  ETA  51.1m
[seed 10]  55/72      PReLU+LeakyReLU acc= 87.36  ETA  19.4m
[seed 50]  55/100       SiLU+GELU      acc= 86.86  ETA  51.4m
[seed 40]  54/100       SiLU+Tanh      acc= 86.23  ETA  53.8m
[seed 20]  56/100       SiLU+SiLU      acc= 86.63  ETA  49.8m
[seed 30]  56/100       SiLU+SiLU      acc= 86.89  ETA  50.0m
[seed 10]  56/72      PReLU+Tanh      acc= 86.00  ETA  18.3m
[seed 50]  56/100       SiLU+SiLU      acc= 87.02  ETA  50.3m
[seed 40]  55/100       SiLU+GELU      acc= 86.76  ETA  52.5m
[seed 20]  57/100       SiLU+Mish      acc= 87.24  ETA  48.7m
[seed 30]  57/100       SiLU+Mish      acc= 87.38  ETA  48.7m
[seed 10]  57/72      PReLU+GELU      acc= 87.03  ETA  17.1m
[seed 40]  56/100       SiLU+SiLU      acc= 87.13  ETA  51.2m
[seed 50]  57/100       SiLU+Mish      acc= 86.26  ETA  49.2m
[seed 30]  58/100       SiLU+SELU      acc= 86.00  ETA  47.5m
[seed 20]  58/100       SiLU+SELU      acc= 86.59  ETA  47.6m
[seed 10]  58/72      PReLU+SiLU      acc= 87.47  ETA  15.9m
[seed 50]  58/100       SiLU+SELU      acc= 86.62  ETA  48.1m
[seed 40]  57/100       SiLU+Mish      acc= 86.07  ETA  50.1m
[seed 30]  59/100       SiLU+PReLU     acc= 86.48  ETA  46.3m
[seed 20]  59/100       SiLU+PReLU     acc= 86.78  ETA  46.5m
[seed 10]  59/72      PReLU+Mish      acc= 86.96  ETA  14.8m
[seed 50]  59/100       SiLU+PReLU     acc= 85.37  ETA  47.0m
[seed 40]  58/100       SiLU+SELU      acc= 87.26  ETA  48.9m
[seed 30]  60/100       SiLU+Hardswish acc= 86.00  ETA  45.2m
[seed 20]  60/100       SiLU+Hardswish acc= 86.90  ETA  45.4m
[seed 10]  60/72      PReLU+SELU      acc= 86.80  ETA  13.7m
[seed 40]  59/100       SiLU+PReLU     acc= 85.68  ETA  47.6m
[seed 50]  60/100       SiLU+Hardswish acc= 86.59  ETA  45.8m
[seed 30]  61/100       Mish+ReLU      acc= 86.80  ETA  44.1m
[seed 20]  61/100       Mish+ReLU      acc= 86.71  ETA  44.3m
[seed 10]  61/72      PReLU+PReLU     acc= 86.96  ETA  12.5m
[seed 40]  60/100       SiLU+Hardswish acc= 87.09  ETA  46.5m
[seed 50]  61/100       Mish+ReLU      acc= 85.52  ETA  44.6m
[seed 20]  62/100       Mish+ELU       acc= 85.42  ETA  43.0m
[seed 30]  62/100       Mish+ELU       acc= 85.82  ETA  43.1m
[seed 10]  62/72      PReLU+Hardswish acc= 87.10  ETA  11.4m
[seed 40]  61/100       Mish+ReLU      acc= 86.44  ETA  45.2m
[seed 50]  62/100       Mish+ELU       acc= 86.54  ETA  43.5m
[seed 20]  63/100       Mish+LeakyReLU acc= 86.81  ETA  41.9m
[seed 30]  63/100       Mish+LeakyReLU acc= 87.06  ETA  42.0m
[seed 10]  63/72  Hardswish+ReLU      acc= 87.35  ETA  10.3m
[seed 40]  62/100       Mish+ELU       acc= 86.58  ETA  44.1m
[seed 50]  63/100       Mish+LeakyReLU acc= 86.59  ETA  42.3m
[seed 20]  64/100       Mish+Tanh      acc= 85.53  ETA  40.8m
[seed 30]  64/100       Mish+Tanh      acc= 86.91  ETA  40.9m
[seed 10]  64/72  Hardswish+ELU       acc= 87.02  ETA   9.1m
[seed 40]  63/100       Mish+LeakyReLU acc= 86.69  ETA  43.0m
[seed 50]  64/100       Mish+Tanh      acc= 86.62  ETA  41.2m
[seed 20]  65/100       Mish+GELU      acc= 86.77  ETA  39.6m
[seed 30]  65/100       Mish+GELU      acc= 87.10  ETA  39.7m
[seed 10]  65/72  Hardswish+LeakyReLU acc= 85.27  ETA   8.0m
[seed 50]  65/100       Mish+GELU      acc= 86.18  ETA  40.0m
[seed 40]  64/100       Mish+Tanh      acc= 86.76  ETA  41.8m
[seed 30]  66/100       Mish+SiLU      acc= 87.46  ETA  38.4m
[seed 20]  66/100       Mish+SiLU      acc= 86.07  ETA  38.5m
[seed 10]  66/72  Hardswish+Tanh      acc= 86.41  ETA   6.8m
[seed 50]  66/100       Mish+SiLU      acc= 85.53  ETA  38.7m
[seed 40]  65/100       Mish+GELU      acc= 86.71  ETA  40.7m
[seed 30]  67/100       Mish+Mish      acc= 86.69  ETA  37.3m
[seed 20]  67/100       Mish+Mish      acc= 86.17  ETA  37.5m
[seed 10]  67/72  Hardswish+GELU      acc= 87.09  ETA   5.7m
[seed 50]  67/100       Mish+Mish      acc= 86.45  ETA  37.6m
[seed 30]  68/100       Mish+SELU      acc= 87.11  ETA  36.1m
[seed 40]  66/100       Mish+SiLU      acc= 86.34  ETA  39.5m
[seed 20]  68/100       Mish+SELU      acc= 87.33  ETA  36.4m
[seed 10]  68/72  Hardswish+SiLU      acc= 87.45  ETA   4.6m
[seed 50]  68/100       Mish+SELU      acc= 83.09  ETA  36.5m
[seed 40]  67/100       Mish+Mish      acc= 86.78  ETA  38.3m
[seed 30]  69/100       Mish+PReLU     acc= 85.76  ETA  34.9m
[seed 20]  69/100       Mish+PReLU     acc= 85.13  ETA  35.2m
[seed 10]  69/72  Hardswish+Mish      acc= 87.30  ETA   3.4m
[seed 50]  69/100       Mish+PReLU     acc= 85.67  ETA  35.4m
[seed 30]  70/100       Mish+Hardswish acc= 87.61  ETA  33.8m
[seed 40]  68/100       Mish+SELU      acc= 85.62  ETA  37.2m
[seed 20]  70/100       Mish+Hardswish acc= 87.12  ETA  34.1m
[seed 10]  70/72  Hardswish+SELU      acc= 87.20  ETA   2.3m
[seed 30]  71/100       SELU+ReLU      acc= 87.55  ETA  32.6m
[seed 50]  70/100       Mish+Hardswish acc= 86.27  ETA  34.3m
[seed 40]  69/100       Mish+PReLU     acc= 86.50  ETA  36.0m
[seed 10]  71/72  Hardswish+PReLU     acc= 86.36  ETA   1.1m
[seed 20]  71/100       SELU+ReLU      acc= 85.55  ETA  32.9m
[seed 30]  72/100       SELU+ELU       acc= 86.80  ETA  31.5m
[seed 50]  71/100       SELU+ReLU      acc= 84.94  ETA  33.1m
[seed 10]  72/72  Hardswish+Hardswish acc= 86.31  ETA   0.0m
[seed 10] DONE in 81.2 min -> BiLSTM+LSTM_5_seed_variance_results\seed_10.csv
[seed 40]  70/100       Mish+Hardswish acc= 85.65  ETA  34.8m
[seed 20]  72/100       SELU+ELU       acc= 86.90  ETA  31.8m
[seed 50]  72/100       SELU+ELU       acc= 86.66  ETA  31.9m
[seed 30]  73/100       SELU+LeakyReLU acc= 85.92  ETA  30.3m
[seed 40]  71/100       SELU+ReLU      acc= 85.99  ETA  33.5m
[seed 20]  73/100       SELU+LeakyReLU acc= 86.76  ETA  30.6m
[seed 50]  73/100       SELU+LeakyReLU acc= 87.18  ETA  30.6m
[seed 30]  74/100       SELU+Tanh      acc= 86.53  ETA  29.1m
[seed 40]  72/100       SELU+ELU       acc= 87.57  ETA  32.3m
[seed 20]  74/100       SELU+Tanh      acc= 86.66  ETA  29.4m
[seed 50]  74/100       SELU+Tanh      acc= 85.91  ETA  29.4m
[seed 30]  75/100       SELU+GELU      acc= 85.64  ETA  27.9m
[seed 40]  73/100       SELU+LeakyReLU acc= 86.68  ETA  31.0m
[seed 50]  75/100       SELU+GELU      acc= 86.87  ETA  28.2m
[seed 20]  75/100       SELU+GELU      acc= 86.92  ETA  28.2m
[seed 30]  76/100       SELU+SiLU      acc= 86.09  ETA  26.7m
[seed 40]  74/100       SELU+Tanh      acc= 87.06  ETA  29.8m
[seed 50]  76/100       SELU+SiLU      acc= 85.95  ETA  27.0m
[seed 20]  76/100       SELU+SiLU      acc= 87.10  ETA  27.0m
[seed 30]  77/100       SELU+Mish      acc= 86.56  ETA  25.6m
[seed 40]  75/100       SELU+GELU      acc= 87.35  ETA  28.6m
[seed 20]  77/100       SELU+Mish      acc= 85.86  ETA  25.8m
[seed 50]  77/100       SELU+Mish      acc= 86.67  ETA  25.8m
[seed 30]  78/100       SELU+SELU      acc= 86.83  ETA  24.4m
[seed 40]  76/100       SELU+SiLU      acc= 86.66  ETA  27.4m
[seed 20]  78/100       SELU+SELU      acc= 85.59  ETA  24.6m
[seed 30]  79/100       SELU+PReLU     acc= 86.56  ETA  23.2m
[seed 50]  78/100       SELU+SELU      acc= 86.02  ETA  24.6m
[seed 40]  77/100       SELU+Mish      acc= 87.59  ETA  26.2m
[seed 20]  79/100       SELU+PReLU     acc= 86.77  ETA  23.4m
[seed 30]  80/100       SELU+Hardswish acc= 86.76  ETA  22.1m
[seed 50]  79/100       SELU+PReLU     acc= 86.59  ETA  23.5m
[seed 40]  78/100       SELU+SELU      acc= 86.54  ETA  25.0m
[seed 20]  80/100       SELU+Hardswish acc= 86.74  ETA  22.2m
[seed 50]  80/100       SELU+Hardswish acc= 86.55  ETA  22.3m
[seed 30]  81/100      PReLU+ReLU      acc= 87.15  ETA  20.9m
[seed 40]  79/100       SELU+PReLU     acc= 86.56  ETA  23.8m
[seed 20]  81/100      PReLU+ReLU      acc= 86.19  ETA  21.1m
[seed 50]  81/100      PReLU+ReLU      acc= 86.87  ETA  21.1m
[seed 30]  82/100      PReLU+ELU       acc= 86.06  ETA  19.8m
[seed 40]  80/100       SELU+Hardswish acc= 86.35  ETA  22.7m
[seed 50]  82/100      PReLU+ELU       acc= 85.26  ETA  19.9m
[seed 20]  82/100      PReLU+ELU       acc= 87.11  ETA  19.9m
[seed 30]  83/100      PReLU+LeakyReLU acc= 86.55  ETA  18.7m
[seed 50]  83/100      PReLU+LeakyReLU acc= 86.61  ETA  18.7m
[seed 40]  81/100      PReLU+ReLU      acc= 87.38  ETA  21.5m
[seed 20]  83/100      PReLU+LeakyReLU acc= 86.83  ETA  18.8m
[seed 30]  84/100      PReLU+Tanh      acc= 87.01  ETA  17.5m
[seed 50]  84/100      PReLU+Tanh      acc= 86.66  ETA  17.6m
[seed 40]  82/100      PReLU+ELU       acc= 85.75  ETA  20.3m
[seed 20]  84/100      PReLU+Tanh      acc= 86.43  ETA  17.7m
[seed 30]  85/100      PReLU+GELU      acc= 86.53  ETA  16.4m
[seed 50]  85/100      PReLU+GELU      acc= 85.35  ETA  16.5m
[seed 40]  83/100      PReLU+LeakyReLU acc= 86.13  ETA  19.2m
[seed 20]  85/100      PReLU+GELU      acc= 85.34  ETA  16.5m
[seed 30]  86/100      PReLU+SiLU      acc= 87.16  ETA  15.3m
[seed 40]  84/100      PReLU+Tanh      acc= 87.00  ETA  17.9m
[seed 50]  86/100      PReLU+SiLU      acc= 85.41  ETA  15.4m
[seed 20]  86/100      PReLU+SiLU      acc= 86.36  ETA  15.4m
[seed 30]  87/100      PReLU+Mish      acc= 85.84  ETA  14.2m
[seed 40]  85/100      PReLU+GELU      acc= 87.01  ETA  16.8m
[seed 50]  87/100      PReLU+Mish      acc= 87.36  ETA  14.2m
[seed 20]  87/100      PReLU+Mish      acc= 85.48  ETA  14.3m
[seed 30]  88/100      PReLU+SELU      acc= 86.88  ETA  13.1m
[seed 40]  86/100      PReLU+SiLU      acc= 86.99  ETA  15.6m
[seed 50]  88/100      PReLU+SELU      acc= 87.12  ETA  13.1m
[seed 20]  88/100      PReLU+SELU      acc= 86.99  ETA  13.1m
[seed 30]  89/100      PReLU+PReLU     acc= 86.93  ETA  12.0m
[seed 40]  87/100      PReLU+Mish      acc= 86.93  ETA  14.5m
[seed 50]  89/100      PReLU+PReLU     acc= 86.55  ETA  12.0m
[seed 20]  89/100      PReLU+PReLU     acc= 87.37  ETA  12.0m
[seed 30]  90/100      PReLU+Hardswish acc= 87.01  ETA  10.8m
[seed 40]  88/100      PReLU+SELU      acc= 87.44  ETA  13.4m
[seed 50]  90/100      PReLU+Hardswish acc= 86.86  ETA  10.9m
[seed 20]  90/100      PReLU+Hardswish acc= 86.90  ETA  10.9m
[seed 30]  91/100  Hardswish+ReLU      acc= 85.68  ETA   9.7m
[seed 50]  91/100  Hardswish+ReLU      acc= 86.68  ETA   9.8m
[seed 40]  89/100      PReLU+PReLU     acc= 85.80  ETA  12.2m
[seed 20]  91/100  Hardswish+ReLU      acc= 86.94  ETA   9.8m
[seed 30]  92/100  Hardswish+ELU       acc= 87.23  ETA   8.6m
[seed 20]  92/100  Hardswish+ELU       acc= 86.19  ETA   8.7m
[seed 50]  92/100  Hardswish+ELU       acc= 86.97  ETA   8.7m
[seed 40]  90/100      PReLU+Hardswish acc= 87.44  ETA  11.1m
[seed 30]  93/100  Hardswish+LeakyReLU acc= 86.50  ETA   7.6m
[seed 20]  93/100  Hardswish+LeakyReLU acc= 86.85  ETA   7.6m
[seed 50]  93/100  Hardswish+LeakyReLU acc= 86.16  ETA   7.6m
[seed 40]  91/100  Hardswish+ReLU      acc= 86.23  ETA  10.0m
[seed 20]  94/100  Hardswish+Tanh      acc= 86.27  ETA   6.4m
[seed 30]  94/100  Hardswish+Tanh      acc= 86.09  ETA   6.5m
[seed 50]  94/100  Hardswish+Tanh      acc= 86.02  ETA   6.5m
[seed 40]  92/100  Hardswish+ELU       acc= 86.37  ETA   8.8m
[seed 20]  95/100  Hardswish+GELU      acc= 86.48  ETA   5.4m
[seed 40]  93/100  Hardswish+LeakyReLU acc= 65.50  ETA   7.7m
[seed 30]  95/100  Hardswish+GELU      acc= 86.45  ETA   5.4m
[seed 50]  95/100  Hardswish+GELU      acc= 86.13  ETA   5.4m
[seed 20]  96/100  Hardswish+SiLU      acc= 87.34  ETA   4.3m
[seed 40]  94/100  Hardswish+Tanh      acc= 86.03  ETA   6.6m
[seed 30]  96/100  Hardswish+SiLU      acc= 87.65  ETA   4.3m
[seed 50]  96/100  Hardswish+SiLU      acc= 86.98  ETA   4.3m
[seed 20]  97/100  Hardswish+Mish      acc= 86.80  ETA   3.2m
[seed 40]  95/100  Hardswish+GELU      acc= 86.48  ETA   5.5m
[seed 30]  97/100  Hardswish+Mish      acc= 86.83  ETA   3.2m
[seed 50]  97/100  Hardswish+Mish      acc= 87.18  ETA   3.2m
[seed 20]  98/100  Hardswish+SELU      acc= 86.89  ETA   2.1m
[seed 40]  96/100  Hardswish+SiLU      acc= 86.40  ETA   4.4m
[seed 30]  98/100  Hardswish+SELU      acc= 86.40  ETA   2.1m
[seed 50]  98/100  Hardswish+SELU      acc= 86.53  ETA   2.1m
[seed 20]  99/100  Hardswish+PReLU     acc= 87.36  ETA   1.1m
[seed 40]  97/100  Hardswish+Mish      acc= 86.38  ETA   3.3m
[seed 30]  99/100  Hardswish+PReLU     acc= 86.70  ETA   1.1m
[seed 50]  99/100  Hardswish+PReLU     acc= 85.05  ETA   1.1m
[seed 20] 100/100  Hardswish+Hardswish acc= 86.67  ETA   0.0m
[seed 20] DONE in 106.0 min -> BiLSTM+LSTM_5_seed_variance_results\seed_20.csv
[seed 40]  98/100  Hardswish+SELU      acc= 86.17  ETA   2.2m
[seed 30] 100/100  Hardswish+Hardswish acc= 87.09  ETA   0.0m
[seed 30] DONE in 106.5 min -> BiLSTM+LSTM_5_seed_variance_results\seed_30.csv
[seed 50] 100/100  Hardswish+Hardswish acc= 86.80  ETA   0.0m
[seed 50] DONE in 106.5 min -> BiLSTM+LSTM_5_seed_variance_results\seed_50.csv
[seed 40]  99/100  Hardswish+PReLU     acc= 86.48  ETA   1.1m
[seed 40] 100/100  Hardswish+Hardswish acc= 85.64  ETA   0.0m
[seed 40] DONE in 107.1 min -> BiLSTM+LSTM_5_seed_variance_results\seed_40.csv

  workers finished with codes [0, 0, 0, 0, 0] in 107.2 min

[4/4] Merging and summarising ...

======================================================================
BiLSTM+LSTM: 500 runs over 5 seeds -> 100 cells
======================================================================
  all runs      -> BiLSTM+LSTM_5_seed_variance_results\all_runs.csv
  per-cell mean -> BiLSTM+LSTM_5_seed_variance_results\mean_100_cells.csv

  per-cell std: 0.17 to 9.27 (median 0.53)

  top 5 cells by mean accuracy:
    Hardswish + SiLU       87.16 +/- 0.49
         ReLU + GELU       87.15 +/- 0.40
    LeakyReLU + GELU       87.11 +/- 0.48
    LeakyReLU + ReLU       87.07 +/- 0.62
        PReLU + Hardswish  87.06 +/- 0.23
